Archive member included to satisfy reference by file (symbol)

/opt/libdragon/bin/../lib/gcc/mips64-elf/13.1.0/../../../../mips64-elf/lib/libdragon.a(entrypoint.o)
                              (_start)
/opt/libdragon/bin/../lib/gcc/mips64-elf/13.1.0/../../../../mips64-elf/lib/libdragon.a(debug.o)
                              build/sizzleship.o (debug_init_isviewer)
/opt/libdragon/bin/../lib/gcc/mips64-elf/13.1.0/../../../../mips64-elf/lib/libdragon.a(debugcpp.o)
                              build/sizzleship.o (_Z16__debug_init_cppv)
/opt/libdragon/bin/../lib/gcc/mips64-elf/13.1.0/../../../../mips64-elf/lib/libdragon.a(usb.o)
                              /opt/libdragon/bin/../lib/gcc/mips64-elf/13.1.0/../../../../mips64-elf/lib/libdragon.a(debug.o) (usb_write)
/opt/libdragon/bin/../lib/gcc/mips64-elf/13.1.0/../../../../mips64-elf/lib/libdragon.a(cart.o)
                              /opt/libdragon/bin/../lib/gcc/mips64-elf/13.1.0/../../../../mips64-elf/lib/libdragon.a(debug.o) (cart_init)
/opt/libdragon/bin/../lib/gcc/mips64-elf/13.1.0/../../../../mips64-elf/lib/libdragon.a(ff.o)
                              /opt/libdragon/bin/../lib/gcc/mips64-elf/13.1.0/../../../../mips64-elf/lib/libdragon.a(debug.o) (f_mount)
/opt/libdragon/bin/../lib/gcc/mips64-elf/13.1.0/../../../../mips64-elf/lib/libdragon.a(ffunicode.o)
                              /opt/libdragon/bin/../lib/gcc/mips64-elf/13.1.0/../../../../mips64-elf/lib/libdragon.a(ff.o) (ff_uni2oem)
/opt/libdragon/bin/../lib/gcc/mips64-elf/13.1.0/../../../../mips64-elf/lib/libdragon.a(dragonfs.o)
                              build/sizzleship.o (dfs_init)
/opt/libdragon/bin/../lib/gcc/mips64-elf/13.1.0/../../../../mips64-elf/lib/libdragon.a(display.o)
                              build/sizzleship.o (display_init)
/opt/libdragon/bin/../lib/gcc/mips64-elf/13.1.0/../../../../mips64-elf/lib/libdragon.a(surface.o)
                              build/sizzleship.o (surface_alloc)
/opt/libdragon/bin/../lib/gcc/mips64-elf/13.1.0/../../../../mips64-elf/lib/libdragon.a(controller.o)
                              build/sizzleship.o (controller_init)
/opt/libdragon/bin/../lib/gcc/mips64-elf/13.1.0/../../../../mips64-elf/lib/libdragon.a(rsp.o)
                              /opt/libdragon/bin/../lib/gcc/mips64-elf/13.1.0/../../../../mips64-elf/lib/libdragon.a(display.o) (__rsp_crash)
/opt/libdragon/bin/../lib/gcc/mips64-elf/13.1.0/../../../../mips64-elf/lib/libdragon.a(rsp_crash.o)
                              /opt/libdragon/bin/../lib/gcc/mips64-elf/13.1.0/../../../../mips64-elf/lib/libdragon.a(rsp.o) (rsp_crash_data_start)
/opt/libdragon/bin/../lib/gcc/mips64-elf/13.1.0/../../../../mips64-elf/lib/libdragon.a(inspector.o)
                              /opt/libdragon/bin/../lib/gcc/mips64-elf/13.1.0/../../../../mips64-elf/lib/libdragon.a(debug.o) (__inspector_assertion)
/opt/libdragon/bin/../lib/gcc/mips64-elf/13.1.0/../../../../mips64-elf/lib/libdragon.a(sprite.o)
                              build/sizzleship.o (sprite_load)
/opt/libdragon/bin/../lib/gcc/mips64-elf/13.1.0/../../../../mips64-elf/lib/libdragon.a(dma.o)
                              /opt/libdragon/bin/../lib/gcc/mips64-elf/13.1.0/../../../../mips64-elf/lib/libdragon.a(debug.o) (io_accessible)
/opt/libdragon/bin/../lib/gcc/mips64-elf/13.1.0/../../../../mips64-elf/lib/libdragon.a(exception.o)
                              /opt/libdragon/bin/../lib/gcc/mips64-elf/13.1.0/../../../../mips64-elf/lib/libdragon.a(inspector.o) (__exception_dump_header)
/opt/libdragon/bin/../lib/gcc/mips64-elf/13.1.0/../../../../mips64-elf/lib/libdragon.a(do_ctors.o)
                              /opt/libdragon/bin/../lib/gcc/mips64-elf/13.1.0/../../../../mips64-elf/lib/libdragon.a(entrypoint.o) (__wrap___do_global_ctors)
/opt/libdragon/bin/../lib/gcc/mips64-elf/13.1.0/../../../../mips64-elf/lib/libdragon.a(rdpq.o)
                              build/sizzleship.o (rdpq_init)
/opt/libdragon/bin/../lib/gcc/mips64-elf/13.1.0/../../../../mips64-elf/lib/libdragon.a(rsp_rdpq.o)
                              /opt/libdragon/bin/../lib/gcc/mips64-elf/13.1.0/../../../../mips64-elf/lib/libdragon.a(rdpq.o) (rsp_rdpq_data_end)
/opt/libdragon/bin/../lib/gcc/mips64-elf/13.1.0/../../../../mips64-elf/lib/libdragon.a(rdpq_debug.o)
                              /opt/libdragon/bin/../lib/gcc/mips64-elf/13.1.0/../../../../mips64-elf/lib/libdragon.a(rsp.o) (rdpq_trace)
/opt/libdragon/bin/../lib/gcc/mips64-elf/13.1.0/../../../../mips64-elf/lib/libdragon.a(rdpq_rect.o)
                              /opt/libdragon/bin/../lib/gcc/mips64-elf/13.1.0/../../../../mips64-elf/lib/libdragon.a(rdpq_debug.o) (__rdpq_texture_rectangle)
/opt/libdragon/bin/../lib/gcc/mips64-elf/13.1.0/../../../../mips64-elf/lib/libdragon.a(rdpq_mode.o)
                              /opt/libdragon/bin/../lib/gcc/mips64-elf/13.1.0/../../../../mips64-elf/lib/libdragon.a(rdpq_debug.o) (rdpq_mode_push)
[...]
Memory Configuration

Name             Origin             Length             Attributes
mem              0x80000000         0x00400000
*default*        0x00000000         0xffffffff

Linker script and memory map

LOAD /opt/libdragon/bin/../lib/gcc/mips64-elf/13.1.0/crti.o
LOAD /opt/libdragon/bin/../lib/gcc/mips64-elf/13.1.0/crtbegin.o
LOAD build/sizzleship.o
LOAD /opt/libdragon/bin/../lib/gcc/mips64-elf/13.1.0/../../../../mips64-elf/lib/libdragon.a
LOAD /opt/libdragon/bin/../lib/gcc/mips64-elf/13.1.0/../../../../mips64-elf/lib/libm.a
LOAD /opt/libdragon/bin/../lib/gcc/mips64-elf/13.1.0/../../../../mips64-elf/lib/libdragonsys.a
                0x80000000                        __kseg0_start = 0x80000000
                0x80000400                        __libdragon_text_start = (__kseg0_start + 0x400)

.text           0x80000400    0x49b70
 *(.boot)
 .boot          0x80000400      0x18c /opt/libdragon/bin/../lib/gcc/mips64-elf/13.1.0/../../../../mips64-elf/lib/libdragon.a(entrypoint.o)
                0x80000400                _start
                0x80000590                        . = ALIGN (0x10)
 *fill*         0x8000058c        0x4 
                0x80000590                        __text_start = .
 *(.text)
 *fill*         0x80000590       0x10 
 .text          0x800005a0      0x360 /opt/libdragon/bin/../lib/gcc/mips64-elf/13.1.0/../../../../mips64-elf/lib/libdragon.a(inthandler.o)
                0x800005a0                inthandler
                0x80000900                inthandler_end
 .text          0x80000900      0x1c0 /opt/libdragon/bin/../lib/gcc/mips64-elf/13.1.0/../../../../mips64-elf/lib/libm.a(libm_a-s_floor.o)
                0x80000900                floor
 .text          0x80000ac0      0x160 /opt/libdragon/bin/../lib/gcc/mips64-elf/13.1.0/../../../../mips64-elf/lib/libm.a(libm_a-wf_pow.o)
                0x80000ac0                powf
 .text          0x80000c20       0xe8 /opt/libdragon/bin/../lib/gcc/mips64-elf/13.1.0/../../../../mips64-elf/lib/libm.a(libm_a-sf_cos.o)
                0x80000c20                cosf
 .text          0x80000d08      0x110 /opt/libdragon/bin/../lib/gcc/mips64-elf/13.1.0/../../../../mips64-elf/lib/libm.a(libm_a-sf_floor.o)
                0x80000d08                floorf
 .text          0x80000e18       0xe0 /opt/libdragon/bin/../lib/gcc/mips64-elf/13.1.0/../../../../mips64-elf/lib/libm.a(libm_a-sf_sin.o)
                0x80000e18                sinf
 .text          0x80000ef8       0x20 /opt/libdragon/bin/../lib/gcc/mips64-elf/13.1.0/../../../../mips64-elf/lib/libm.a(libm_a-sf_finite.o)
                0x80000ef8                finitef
 .text          0x80000f18      0x190 /opt/libdragon/bin/../lib/gcc/mips64-elf/13.1.0/../../../../mips64-elf/lib/libm.a(libm_a-kf_cos.o)
                0x80000f18                __kernel_cosf
 .text          0x800010a8       0xd0 /opt/libdragon/bin/../lib/gcc/mips64-elf/13.1.0/../../../../mips64-elf/lib/libm.a(libm_a-kf_sin.o)
                0x800010a8                __kernel_sinf
 .text          0x80001178      0x980 /opt/libdragon/bin/../lib/gcc/mips64-elf/13.1.0/../../../../mips64-elf/lib/libm.a(libm_a-ef_pow.o)
                0x80001178                __ieee754_powf
 .text          0x80001af8      0x358 /opt/libdragon/bin/../lib/gcc/mips64-elf/13.1.0/../../../../mips64-elf/lib/libm.a(libm_a-ef_rem_pio2.o)
                0x80001af8                __ieee754_rem_pio2f
 .text          0x80001e50      0x190 /opt/libdragon/bin/../lib/gcc/mips64-elf/13.1.0/../../../../mips64-elf/lib/libm.a(libm_a-ef_sqrt.o)
                0x80001e50                __ieee754_sqrtf
 .text          0x80001fe0       0x20 /opt/libdragon/bin/../lib/gcc/mips64-elf/13.1.0/../../../../mips64-elf/lib/libm.a(libm_a-sf_fabs.o)
                0x80001fe0                fabsf
 .text          0x80002000      0x188 /opt/libdragon/bin/../lib/gcc/mips64-elf/13.1.0/../../../../mips64-elf/lib/libm.a(libm_a-sf_scalbn.o)
                0x80002000                scalbnf
 .text          0x80002188       0xd0 /opt/libdragon/bin/../lib/gcc/mips64-elf/13.1.0/../../../../mips64-elf/lib/libm.a(libm_a-math_errf.o)
                0x800021f0                __math_uflowf
                0x800021f8                __math_oflowf
                0x80002200                __math_divzerof
                0x80002230                __math_invalidf
 .text          0x80002258      0x998 /opt/libdragon/bin/../lib/gcc/mips64-elf/13.1.0/../../../../mips64-elf/lib/libm.a(libm_a-kf_rem_pio2.o)
                0x80002258                __kernel_rem_pio2f
 .text          0x80002bf0     0xac38 /opt/libdragon/bin/../lib/gcc/mips64-elf/13.1.0/../../../../mips64-elf/lib/libstdc++.a(cp-demangle.o)
                0x8000d688                __cxa_demangle
                0x8000d7e8                __gcclibcxx_demangle_callback
 .text          0x8000d828       0x18 /opt/libdragon/bin/../lib/gcc/mips64-elf/13.1.0/../../../../mips64-elf/lib/libc.a(libc_a-abort.o)
                0x8000d828                abort
 .text          0x8000d840       0x18 /opt/libdragon/bin/../lib/gcc/mips64-elf/13.1.0/../../../../mips64-elf/lib/libc.a(libc_a-calloc.o)
                0x8000d840                calloc
 .text          0x8000d858      0x120 /opt/libdragon/bin/../lib/gcc/mips64-elf/13.1.0/../../../../mips64-elf/lib/libc.a(libc_a-callocr.o)
                0x8000d858                _calloc_r
 .text          0x8000d978       0x40 /opt/libdragon/bin/../lib/gcc/mips64-elf/13.1.0/../../../../mips64-elf/lib/libc.a(libc_a-getenv.o)
                0x8000d978                _findenv
                0x8000d990                getenv
 .text          0x8000d9b8      0x150 /opt/libdragon/bin/../lib/gcc/mips64-elf/13.1.0/../../../../mips64-elf/lib/libc.a(libc_a-getenv_r.o)
                0x8000d9b8                _findenv_r
                0x8000dae8                _getenv_r
 .text          0x8000db08       0x20 /opt/libdragon/bin/../lib/gcc/mips64-elf/13.1.0/../../../../mips64-elf/lib/libc.a(libc_a-malloc.o)
                0x8000db08                malloc
                0x8000db18                free
 .text          0x8000db28      0x888 /opt/libdragon/bin/../lib/gcc/mips64-elf/13.1.0/../../../../mips64-elf/lib/libc.a(libc_a-mallocr.o)
                0x8000db28                _malloc_r
 .text          0x8000e3b0       0x10 /opt/libdragon/bin/../lib/gcc/mips64-elf/13.1.0/../../../../mips64-elf/lib/libc.a(libc_a-mlock.o)
                0x8000e3b0                __malloc_lock
                0x8000e3b8                __malloc_unlock
 .text          0x8000e3c0       0x18 /opt/libdragon/bin/../lib/gcc/mips64-elf/13.1.0/../../../../mips64-elf/lib/libc.a(libc_a-realloc.o)
                0x8000e3c0                realloc
 .text          0x8000e3d8      0x5d0 /opt/libdragon/bin/../lib/gcc/mips64-elf/13.1.0/../../../../mips64-elf/lib/libc.a(libc_a-reallocr.o)
                0x8000e3d8                _realloc_r
 .text          0x8000e9a8      0x250 /opt/libdragon/bin/../lib/gcc/mips64-elf/13.1.0/../../../../mips64-elf/lib/libc.a(libc_a-strtoul.o)
                0x8000ebc0                _strtoul_r
                0x8000ebc8                strtoul_l
                0x8000ebe0                strtoul
 .text          0x8000ebf8       0x18 /opt/libdragon/bin/../lib/gcc/mips64-elf/13.1.0/../../../../mips64-elf/lib/libc.a(libc_a-malign.o)
                0x8000ebf8                memalign
 .text          0x8000ec10      0x1f8 /opt/libdragon/bin/../lib/gcc/mips64-elf/13.1.0/../../../../mips64-elf/lib/libc.a(libc_a-malignr.o)
                0x8000ec10                _memalign_r
 .text          0x8000ee08     0x21e8 /opt/libdragon/bin/../lib/gcc/mips64-elf/13.1.0/../../../../mips64-elf/lib/libc.a(libc_a-vfprintf.o)
                0x8000ee08                _vfprintf_r
                0x80010f08                vfprintf
 .text          0x80010ff0     0x1390 /opt/libdragon/bin/../lib/gcc/mips64-elf/13.1.0/../../../../mips64-elf/lib/libc.a(libc_a-vfiprintf.o)
                0x80011128                __sprint_r
                0x80011148                _vfiprintf_r
                0x80012298                vfiprintf
 .text          0x80012380      0x140 /opt/libdragon/bin/../lib/gcc/mips64-elf/13.1.0/../../../../mips64-elf/lib/libc.a(libc_a-fclose.o)
                0x80012380                _fclose_r
                0x800124b0                fclose
 .text          0x800124c0      0x338 /opt/libdragon/bin/../lib/gcc/mips64-elf/13.1.0/../../../../mips64-elf/lib/libc.a(libc_a-fflush.o)
                0x800124c0                __sflush_r
                0x80012718                _fflush_r
                0x80012778                fflush
 .text          0x800127f8      0x3a8 /opt/libdragon/bin/../lib/gcc/mips64-elf/13.1.0/../../../../mips64-elf/lib/libc.a(libc_a-findfp.o)
                0x800129f0                __sfp
                0x80012b30                __sinit
                0x80012b60                __sfp_lock_acquire
                0x80012b68                __sfp_lock_release
                0x80012b70                __fp_lock_all
                0x80012b88                __fp_unlock_all
 .text          0x80012ba0      0x138 /opt/libdragon/bin/../lib/gcc/mips64-elf/13.1.0/../../../../mips64-elf/lib/libc.a(libc_a-fopen.o)
                0x80012ba0                _fopen_r
                0x80012cc0                fopen
 .text          0x80012cd8       0x68 /opt/libdragon/bin/../lib/gcc/mips64-elf/13.1.0/../../../../mips64-elf/lib/libc.a(libc_a-fprintf.o)
                0x80012cd8                _fprintf_r
                0x80012d00                fprintf
 .text          0x80012d40       0xd0 /opt/libdragon/bin/../lib/gcc/mips64-elf/13.1.0/../../../../mips64-elf/lib/libc.a(libc_a-fputc.o)
                0x80012d40                _fputc_r
                0x80012da0                fputc
 .text          0x80012e10       0xc0 /opt/libdragon/bin/../lib/gcc/mips64-elf/13.1.0/../../../../mips64-elf/lib/libc.a(libc_a-fputs.o)
                0x80012e10                _fputs_r
                0x80012eb8                fputs
 .text          0x80012ed0      0x330 /opt/libdragon/bin/../lib/gcc/mips64-elf/13.1.0/../../../../mips64-elf/lib/libc.a(libc_a-fread.o)
                0x80012ed0                _fread_r
                0x800131d0                fread
 .text          0x80013200       0x20 /opt/libdragon/bin/../lib/gcc/mips64-elf/13.1.0/../../../../mips64-elf/lib/libc.a(libc_a-fseek.o)
                0x80013200                _fseek_r
                0x80013208                fseek
 .text          0x80013220       0x18 /opt/libdragon/bin/../lib/gcc/mips64-elf/13.1.0/../../../../mips64-elf/lib/libc.a(libc_a-ftell.o)
                0x80013220                _ftell_r
                0x80013228                ftell
 .text          0x80013238      0x570 /opt/libdragon/bin/../lib/gcc/mips64-elf/13.1.0/../../../../mips64-elf/lib/libc.a(libc_a-fvwrite.o)
                0x80013238                __sfvwrite_r
 .text          0x800137a8       0xc0 /opt/libdragon/bin/../lib/gcc/mips64-elf/13.1.0/../../../../mips64-elf/lib/libc.a(libc_a-fwalk.o)
                0x800137a8                _fwalk_sglue
 .text          0x80013868      0x1f8 /opt/libdragon/bin/../lib/gcc/mips64-elf/13.1.0/../../../../mips64-elf/lib/libc.a(libc_a-fwrite.o)
                0x80013868                _fwrite_r
                0x80013970                fwrite
 .text          0x80013a60       0x70 /opt/libdragon/bin/../lib/gcc/mips64-elf/13.1.0/../../../../mips64-elf/lib/libc.a(libc_a-printf.o)
                0x80013a60                _printf_r
                0x80013a90                printf
 .text          0x80013ad0      0x160 /opt/libdragon/bin/../lib/gcc/mips64-elf/13.1.0/../../../../mips64-elf/lib/libc.a(libc_a-putc.o)
                0x80013ad0                _putc_r
                0x80013b78                putc
 .text          0x80013c30       0x20 /opt/libdragon/bin/../lib/gcc/mips64-elf/13.1.0/../../../../mips64-elf/lib/libc.a(libc_a-putchar.o)
                0x80013c30                _putchar_r
                0x80013c38                putchar
 .text          0x80013c50       0xe0 /opt/libdragon/bin/../lib/gcc/mips64-elf/13.1.0/../../../../mips64-elf/lib/libc.a(libc_a-puts.o)
                0x80013c50                _puts_r
                0x80013d20                puts
 .text          0x80013d30      0x228 /opt/libdragon/bin/../lib/gcc/mips64-elf/13.1.0/../../../../mips64-elf/lib/libc.a(libc_a-refill.o)
                0x80013d58                __srefill_r
 .text          0x80013f58      0x270 /opt/libdragon/bin/../lib/gcc/mips64-elf/13.1.0/../../../../mips64-elf/lib/libc.a(libc_a-setvbuf.o)
                0x80013f58                setvbuf
 .text          0x800141c8      0x1c8 /opt/libdragon/bin/../lib/gcc/mips64-elf/13.1.0/../../../../mips64-elf/lib/libc.a(libc_a-snprintf.o)
                0x800141c8                _snprintf_r
                0x800142a8                snprintf
 .text          0x80014390       0xd8 /opt/libdragon/bin/../lib/gcc/mips64-elf/13.1.0/../../../../mips64-elf/lib/libc.a(libc_a-sprintf.o)
                0x80014390                _sprintf_r
                0x800143f8                sprintf
 .text          0x80014468      0x190 /opt/libdragon/bin/../lib/gcc/mips64-elf/13.1.0/../../../../mips64-elf/lib/libc.a(libc_a-stdio.o)
                0x80014468                __sread
                0x800144c0                __seofread
                0x800144c8                __swrite
                0x80014588                __sseek
                0x800145f0                __sclose
 .text          0x800145f8       0x30 /opt/libdragon/bin/../lib/gcc/mips64-elf/13.1.0/../../../../mips64-elf/lib/libc.a(libc_a-vprintf.o)
                0x800145f8                vprintf
                0x80014610                _vprintf_r
 .text          0x80014628      0x1b8 /opt/libdragon/bin/../lib/gcc/mips64-elf/13.1.0/../../../../mips64-elf/lib/libc.a(libc_a-wbuf.o)
                0x80014628                __swbuf_r
                0x800147c8                __swbuf
 .text          0x800147e0      0x170 /opt/libdragon/bin/../lib/gcc/mips64-elf/13.1.0/../../../../mips64-elf/lib/libc.a(libc_a-wsetup.o)
                0x800147e0                __swsetup_r
 .text          0x80014950      0x4b8 /opt/libdragon/bin/../lib/gcc/mips64-elf/13.1.0/../../../../mips64-elf/lib/libc.a(libc_a-fseeko.o)
                0x80014950                _fseeko_r
                0x80014df0                fseeko
 .text          0x80014e08      0x148 /opt/libdragon/bin/../lib/gcc/mips64-elf/13.1.0/../../../../mips64-elf/lib/libc.a(libc_a-ftello.o)
                0x80014e08                _ftello_r
                0x80014f40                ftello
 .text          0x80014f50      0x1b8 /opt/libdragon/bin/../lib/gcc/mips64-elf/13.1.0/../../../../mips64-elf/lib/libc.a(libc_a-fputwc.o)
                0x80014f50                __fputwc
                0x80015068                _fputwc_r
                0x80015090                fputwc
 .text          0x80015108       0xf8 /opt/libdragon/bin/../lib/gcc/mips64-elf/13.1.0/../../../../mips64-elf/lib/libc.a(libc_a-memchr.o)
                0x80015108                memchr
 .text          0x80015200       0x88 /opt/libdragon/bin/../lib/gcc/mips64-elf/13.1.0/../../../../mips64-elf/lib/libc.a(libc_a-memcmp.o)
                0x80015200                memcmp
 .text          0x80015288      0x140 /opt/libdragon/bin/../lib/gcc/mips64-elf/13.1.0/../../../../mips64-elf/lib/libc.a(libc_a-memmove.o)
                0x80015288                memmove
 .text          0x800153c8       0x98 /opt/libdragon/bin/../lib/gcc/mips64-elf/13.1.0/../../../../mips64-elf/lib/libc.a(libc_a-strcat.o)
                0x800153c8                strcat
 .text          0x80015460      0x188 /opt/libdragon/bin/../lib/gcc/mips64-elf/13.1.0/../../../../mips64-elf/lib/libc.a(libc_a-strchr.o)
                0x80015460                strchr
 .text          0x800155e8       0xa8 /opt/libdragon/bin/../lib/gcc/mips64-elf/13.1.0/../../../../mips64-elf/lib/libc.a(libc_a-strcpy.o)
                0x800155e8                strcpy
 .text          0x80015690      0x460 /opt/libdragon/bin/../lib/gcc/mips64-elf/13.1.0/../../../../mips64-elf/lib/libc.a(libc_a-strerror.o)
                0x80015690                _strerror_r
                0x80015ac0                strerror
                0x80015ad8                strerror_l
 .text          0x80015af0       0xf0 /opt/libdragon/bin/../lib/gcc/mips64-elf/13.1.0/../../../../mips64-elf/lib/libc.a(libc_a-strncmp.o)
                0x80015af0                strncmp
 .text          0x80015be0       0x70 /opt/libdragon/bin/../lib/gcc/mips64-elf/13.1.0/../../../../mips64-elf/lib/libc.a(libc_a-strrchr.o)
                0x80015be0                strrchr
 .text          0x80015c50      0xb50 /opt/libdragon/bin/../lib/gcc/mips64-elf/13.1.0/../../../../mips64-elf/lib/libc.a(libc_a-strstr.o)
                0x800164b0                strstr
 .text          0x800167a0        0x8 /opt/libdragon/bin/../lib/gcc/mips64-elf/13.1.0/../../../../mips64-elf/lib/libc.a(libc_a-u_strerr.o)
                0x800167a0                _user_strerror
 .text          0x800167a8      0x570 /opt/libdragon/bin/../lib/gcc/mips64-elf/13.1.0/../../../../mips64-elf/lib/libc.a(libc_a-signal.o)
                0x800167a8                _init_signal_r
                0x80016810                _signal_r
                0x800168b0                _raise_r
                0x80016968                __sigtramp_r
                0x80016a58                raise
                0x80016b20                signal
                0x80016bc0                _init_signal
                0x80016c30                __sigtramp
 .text          0x80016d18      0x120 /opt/libdragon/bin/../lib/gcc/mips64-elf/13.1.0/../../../../mips64-elf/lib/libc.a(libc_a-locale.o)
                0x80016d18                _setlocale_r
                0x80016da0                __locale_mb_cur_max
                0x80016db0                setlocale
 .text          0x80016e38       0x28 /opt/libdragon/bin/../lib/gcc/mips64-elf/13.1.0/../../../../mips64-elf/lib/libc.a(libc_a-localeconv.o)
                0x80016e38                __localeconv_l
                0x80016e40                _localeconv_r
                0x80016e50                localeconv
 .text          0x80016e60       0x50 /opt/libdragon/bin/../lib/gcc/mips64-elf/13.1.0/../../../../mips64-elf/lib/libc.a(libc_a-closer.o)
                0x80016e60                _close_r
 .text          0x80016eb0       0x58 /opt/libdragon/bin/../lib/gcc/mips64-elf/13.1.0/../../../../mips64-elf/lib/libc.a(libc_a-fstatr.o)
                0x80016eb0                _fstat_r
 .text          0x80016f08       0x60 /opt/libdragon/bin/../lib/gcc/mips64-elf/13.1.0/../../../../mips64-elf/lib/libc.a(libc_a-lseekr.o)
                0x80016f08                _lseek_r
 .text          0x80016f68       0x60 /opt/libdragon/bin/../lib/gcc/mips64-elf/13.1.0/../../../../mips64-elf/lib/libc.a(libc_a-openr.o)
                0x80016f68                _open_r
 .text          0x80016fc8       0x60 /opt/libdragon/bin/../lib/gcc/mips64-elf/13.1.0/../../../../mips64-elf/lib/libc.a(libc_a-readr.o)
                0x80016fc8                _read_r
 .text          0x80017028       0x60 /opt/libdragon/bin/../lib/gcc/mips64-elf/13.1.0/../../../../mips64-elf/lib/libc.a(libc_a-signalr.o)
                0x80017028                _kill_r
                0x80017080                _getpid_r
 .text          0x80017088       0x50 /opt/libdragon/bin/../lib/gcc/mips64-elf/13.1.0/../../../../mips64-elf/lib/libc.a(libc_a-sbrkr.o)
                0x80017088                _sbrk_r
 .text          0x800170d8       0x60 /opt/libdragon/bin/../lib/gcc/mips64-elf/13.1.0/../../../../mips64-elf/lib/libc.a(libc_a-writer.o)
                0x800170d8                _write_r
 .text          0x80017138        0x8 /opt/libdragon/bin/../lib/gcc/mips64-elf/13.1.0/../../../../mips64-elf/lib/libc.a(libc_a-errno.o)
                0x80017138                __errno
 .text          0x80017140       0x18 /opt/libdragon/bin/../lib/gcc/mips64-elf/13.1.0/../../../../mips64-elf/lib/libc.a(libc_a-strlen.o)
                0x80017140                strlen
 .text          0x80017158      0x240 /opt/libdragon/bin/../lib/gcc/mips64-elf/13.1.0/../../../../mips64-elf/lib/libc.a(libc_a-strcmp.o)
                0x80017158                strcmp
 .text          0x80017398      0x11c /opt/libdragon/bin/../lib/gcc/mips64-elf/13.1.0/../../../../mips64-elf/lib/libc.a(libc_a-memset.o)
                0x80017398                memset
 .text          0x800174b4      0x370 /opt/libdragon/bin/../lib/gcc/mips64-elf/13.1.0/../../../../mips64-elf/lib/libc.a(libc_a-memcpy.o)
                0x800174b4                memcpy
 *fill*         0x80017824        0x4 
 .text          0x80017828     0x1658 /opt/libdragon/bin/../lib/gcc/mips64-elf/13.1.0/../../../../mips64-elf/lib/libc.a(libc_a-dtoa.o)
                0x80017a78                _dtoa_r
 .text          0x80018e80       0x10 /opt/libdragon/bin/../lib/gcc/mips64-elf/13.1.0/../../../../mips64-elf/lib/libc.a(libc_a-envlock.o)
                0x80018e80                __env_lock
                0x80018e88                __env_unlock
 .text          0x80018e90      0x480 /opt/libdragon/bin/../lib/gcc/mips64-elf/13.1.0/../../../../mips64-elf/lib/libc.a(libc_a-freer.o)
                0x80018e90                _malloc_trim_r
                0x80018fd0                _free_r
 .text          0x80019310       0x70 /opt/libdragon/bin/../lib/gcc/mips64-elf/13.1.0/../../../../mips64-elf/lib/libc.a(libc_a-mbtowc_r.o)
                0x80019310                _mbtowc_r
                0x80019320                __ascii_mbtowc
 .text          0x80019380     0x1438 /opt/libdragon/bin/../lib/gcc/mips64-elf/13.1.0/../../../../mips64-elf/lib/libc.a(libc_a-mprec.o)
                0x80019380                _Balloc
                0x80019430                _Bfree
                0x80019460                __multadd
                0x800195c0                __s2b
                0x80019740                __hi0bits
                0x800197c8                __lo0bits
                0x80019890                __i2b
                0x80019968                __multiply
                0x80019bf8                __pow5mult
                0x80019d60                __lshift
                0x80019f18                __mcmp
                0x80019f80                __mdiff
                0x8001a208                __ulp
                0x8001a2b8                __b2d
                0x8001a450                __d2b
                0x8001a5b0                __ratio
                0x8001a670                _mprec_log10
                0x8001a6b0                __copybits
                0x8001a738                __any_on
 .text          0x8001a7b8       0x48 /opt/libdragon/bin/../lib/gcc/mips64-elf/13.1.0/../../../../mips64-elf/lib/libc.a(libc_a-wctomb_r.o)
                0x8001a7b8                _wctomb_r
                0x8001a7c8                __ascii_wctomb
 .text          0x8001a800      0x118 /opt/libdragon/bin/../lib/gcc/mips64-elf/13.1.0/../../../../mips64-elf/lib/libc.a(libc_a-wcrtomb.o)
                0x8001a800                _wcrtomb_r
                0x8001a880                wcrtomb
 .text          0x8001a918     0x1fb0 /opt/libdragon/bin/../lib/gcc/mips64-elf/13.1.0/../../../../mips64-elf/lib/libc.a(libc_a-svfprintf.o)
                0x8001a918                _svfprintf_r
 .text          0x8001c8c8       0xc8 /opt/libdragon/bin/../lib/gcc/mips64-elf/13.1.0/../../../../mips64-elf/lib/libc.a(libc_a-flags.o)
                0x8001c8c8                __sflags
 .text          0x8001c990      0x258 /opt/libdragon/bin/../lib/gcc/mips64-elf/13.1.0/../../../../mips64-elf/lib/libc.a(libc_a-makebuf.o)
                0x8001c990                __smakebuf_r
                0x8001cb38                __swhatbuf_r
 .text          0x8001cbe8       0x48 /opt/libdragon/bin/../lib/gcc/mips64-elf/13.1.0/../../../../mips64-elf/lib/libc.a(libc_a-strnlen.o)
                0x8001cbe8                strnlen
 .text          0x8001cc30       0x50 /opt/libdragon/bin/../lib/gcc/mips64-elf/13.1.0/../../../../mips64-elf/lib/libc.a(libc_a-isattyr.o)
                0x8001cc30                _isatty_r
 .text          0x8001cc80     0x1118 /opt/libdragon/bin/../lib/gcc/mips64-elf/13.1.0/../../../../mips64-elf/lib/libc.a(libc_a-svfiprintf.o)
                0x8001cc80                __ssprint_r
                0x8001cec8                _svfiprintf_r
 .text          0x8001dd98     0x4480 /opt/libdragon/bin/../lib/gcc/mips64-elf/13.1.0/libgcc.a(unwind-dw2.o)
                0x80021600                _Unwind_GetGR
                0x80021670                _Unwind_GetCFA
                0x80021678                _Unwind_SetGR
                0x800216e8                _Unwind_GetIP
                0x800216f0                _Unwind_GetIPInfo
                0x80021708                _Unwind_SetIP
                0x80021710                _Unwind_GetLanguageSpecificData
                0x80021718                _Unwind_GetRegionStart
                0x80021720                _Unwind_FindEnclosingFunction
                0x80021748                _Unwind_GetDataRelBase
                0x80021750                _Unwind_GetTextRelBase
                0x80021758                __frame_state_for
                0x80021890                _Unwind_RaiseException
                0x80021b78                _Unwind_ForcedUnwind
                0x80021d10                _Unwind_Resume
                0x80021e98                _Unwind_Resume_or_Rethrow
                0x80022020                _Unwind_DeleteException
                0x80022040                _Unwind_Backtrace
 .text          0x80022218     0x1e20 /opt/libdragon/bin/../lib/gcc/mips64-elf/13.1.0/libgcc.a(unwind-dw2-fde.o)
                0x80023b68                __register_frame_info_bases
                0x80023bb0                __register_frame_info
                0x80023bf8                __register_frame
                0x80023c68                __register_frame_info_table_bases
                0x80023c98                __register_frame_info_table
                0x80023cc8                __register_frame_table
                0x80023d20                __deregister_frame_info_bases
                0x80023e08                __deregister_frame_info
                0x80023e10                __deregister_frame
                0x80023e48                _Unwind_Find_FDE
 *(.text.*)
 *fill*         0x80024038        0x8 
 .text._Z16camera_transformPK8camera_t
                0x80024040       0x80 build/sizzleship.o
                0x80024040                _Z16camera_transformPK8camera_t
 .text._Z9draw_cubev
                0x800240c0       0xe0 build/sizzleship.o
                0x800240c0                _Z9draw_cubev
 .text._Z12render_arenav
                0x800241a0       0x80 build/sizzleship.o
                0x800241a0                _Z12render_arenav
 .text._Z12setup_spherev
                0x80024220       0xc0 build/sizzleship.o
                0x80024220                _Z12setup_spherev
 .text._Z18make_sphere_vertexP8vertex_tmm
                0x800242e0      0x180 build/sizzleship.o
                0x800242e0                _Z18make_sphere_vertexP8vertex_tmm
 .text._Z20draw_sphere_internalv
                0x80024460       0xa0 build/sizzleship.o
                0x80024460                _Z20draw_sphere_internalv
 .text._Z16make_sphere_meshv
                0x80024500      0x320 build/sizzleship.o
                0x80024500                _Z16make_sphere_meshv
 .text._Z13render_spheref
                0x80024820       0x80 build/sizzleship.o
                0x80024820                _Z13render_spheref
 .text._Z11setup_planev
                0x800248a0       0xa0 build/sizzleship.o
                0x800248a0                _Z11setup_planev
 .text._Z15make_plane_meshv
                0x80024940      0x1a0 build/sizzleship.o
                0x80024940                _Z15make_plane_meshv
 .text._Z10draw_planev
                0x80024ae0       0x60 build/sizzleship.o
                0x80024ae0                _Z10draw_planev
 .text._Z5setupv
                0x80024b40      0x2a0 build/sizzleship.o
                0x80024b40                _Z5setupv
 .text._Z6renderv
                0x80024de0      0x180 build/sizzleship.o
                0x80024de0                _Z6renderv
 .text.startup.main
                0x80024f60      0x220 build/sizzleship.o
                0x80024f60                main
 .text.startup._GLOBAL__sub_I__Z16camera_transformPK8camera_t
                0x80025180       0x20 build/sizzleship.o
 .text.isviewer_write
                0x800251a0       0x80 /opt/libdragon/bin/../lib/gcc/mips64-elf/13.1.0/../../../../mips64-elf/lib/libdragon.a(debug.o)
 .text.__stderr_write
                0x80025220       0x80 /opt/libdragon/bin/../lib/gcc/mips64-elf/13.1.0/../../../../mips64-elf/lib/libdragon.a(debug.o)
 .text.cb.0     0x800252a0       0xa0 /opt/libdragon/bin/../lib/gcc/mips64-elf/13.1.0/../../../../mips64-elf/lib/libdragon.a(debug.o)
 .text.debug_init_isviewer
                0x80025340       0xc0 /opt/libdragon/bin/../lib/gcc/mips64-elf/13.1.0/../../../../mips64-elf/lib/libdragon.a(debug.o)
                0x80025340                debug_init_isviewer
 .text.debug_assert_func_f
                0x80025400       0xe0 /opt/libdragon/bin/../lib/gcc/mips64-elf/13.1.0/../../../../mips64-elf/lib/libdragon.a(debug.o)
                0x80025400                debug_assert_func_f
 .text.debug_assert_func
                0x800254e0       0x20 /opt/libdragon/bin/../lib/gcc/mips64-elf/13.1.0/../../../../mips64-elf/lib/libdragon.a(debug.o)
                0x800254e0                debug_assert_func
 .text.debug_hexdump
                0x80025500      0x280 /opt/libdragon/bin/../lib/gcc/mips64-elf/13.1.0/../../../../mips64-elf/lib/libdragon.a(debug.o)
                0x80025500                debug_hexdump
 .text.__debug_backtrace
                0x80025780      0x100 /opt/libdragon/bin/../lib/gcc/mips64-elf/13.1.0/../../../../mips64-elf/lib/libdragon.a(debug.o)
                0x80025780                __debug_backtrace
 .text.debug_backtrace
                0x80025880       0x20 /opt/libdragon/bin/../lib/gcc/mips64-elf/13.1.0/../../../../mips64-elf/lib/libdragon.a(debug.o)
                0x80025880                debug_backtrace
 .text._ZL13demangle_namePc
                0x800258a0       0x20 /opt/libdragon/bin/../lib/gcc/mips64-elf/13.1.0/../../../../mips64-elf/lib/libdragon.a(debugcpp.o)
 .text._ZL17terminate_handlerv
                0x800258c0      0x120 /opt/libdragon/bin/../lib/gcc/mips64-elf/13.1.0/../../../../mips64-elf/lib/libdragon.a(debugcpp.o)
 .text._Z16__debug_init_cppv
                0x800259e0       0x40 /opt/libdragon/bin/../lib/gcc/mips64-elf/13.1.0/../../../../mips64-elf/lib/libdragon.a(debugcpp.o)
                0x800259e0                _Z16__debug_init_cppv
 .text.get_next_token
                0x80025a20       0xc0 /opt/libdragon/bin/../lib/gcc/mips64-elf/13.1.0/../../../../mips64-elf/lib/libdragon.a(dragonfs.o)
 .text.recurse_path
                0x80025ae0      0x3c0 /opt/libdragon/bin/../lib/gcc/mips64-elf/13.1.0/../../../../mips64-elf/lib/libdragon.a(dragonfs.o)
 .text.__close  0x80025ea0       0x80 /opt/libdragon/bin/../lib/gcc/mips64-elf/13.1.0/../../../../mips64-elf/lib/libdragon.a(dragonfs.o)
 .text.__fstat  0x80025f20       0xa0 /opt/libdragon/bin/../lib/gcc/mips64-elf/13.1.0/../../../../mips64-elf/lib/libdragon.a(dragonfs.o)
 .text.dfs_dir_findfirst
                0x80025fc0       0xc0 /opt/libdragon/bin/../lib/gcc/mips64-elf/13.1.0/../../../../mips64-elf/lib/libdragon.a(dragonfs.o)
                0x80025fc0                dfs_dir_findfirst
 .text.__findfirst
                0x80026080       0x80 /opt/libdragon/bin/../lib/gcc/mips64-elf/13.1.0/../../../../mips64-elf/lib/libdragon.a(dragonfs.o)
 .text.dfs_dir_findnext
                0x80026100       0xc0 /opt/libdragon/bin/../lib/gcc/mips64-elf/13.1.0/../../../../mips64-elf/lib/libdragon.a(dragonfs.o)
                0x80026100                dfs_dir_findnext
 .text.__findnext
                0x800261c0       0x80 /opt/libdragon/bin/../lib/gcc/mips64-elf/13.1.0/../../../../mips64-elf/lib/libdragon.a(dragonfs.o)
 .text.dfs_open
                0x80026240      0x120 /opt/libdragon/bin/../lib/gcc/mips64-elf/13.1.0/../../../../mips64-elf/lib/libdragon.a(dragonfs.o)
                0x80026240                dfs_open
 .text.__open   0x80026360      0x120 /opt/libdragon/bin/../lib/gcc/mips64-elf/13.1.0/../../../../mips64-elf/lib/libdragon.a(dragonfs.o)
 .text.dfs_seek
                0x80026480      0x100 /opt/libdragon/bin/../lib/gcc/mips64-elf/13.1.0/../../../../mips64-elf/lib/libdragon.a(dragonfs.o)
                0x80026480                dfs_seek
 .text.__lseek  0x80026580       0x80 /opt/libdragon/bin/../lib/gcc/mips64-elf/13.1.0/../../../../mips64-elf/lib/libdragon.a(dragonfs.o)
 .text.dfs_read
                0x80026600      0x280 /opt/libdragon/bin/../lib/gcc/mips64-elf/13.1.0/../../../../mips64-elf/lib/libdragon.a(dragonfs.o)
                0x80026600                dfs_read
 .text.__read   0x80026880       0x20 /opt/libdragon/bin/../lib/gcc/mips64-elf/13.1.0/../../../../mips64-elf/lib/libdragon.a(dragonfs.o)
 .text.dfs_init
                0x800268a0      0x1e0 /opt/libdragon/bin/../lib/gcc/mips64-elf/13.1.0/../../../../mips64-elf/lib/libdragon.a(dragonfs.o)
                0x800268a0                dfs_init
 .text.__display_callback
                0x80026a80       0xc0 /opt/libdragon/bin/../lib/gcc/mips64-elf/13.1.0/../../../../mips64-elf/lib/libdragon.a(display.o)
 .text.display_show.part.0
                0x80026b40      0x140 /opt/libdragon/bin/../lib/gcc/mips64-elf/13.1.0/../../../../mips64-elf/lib/libdragon.a(display.o)
 .text.display_init
                0x80026c80      0x600 /opt/libdragon/bin/../lib/gcc/mips64-elf/13.1.0/../../../../mips64-elf/lib/libdragon.a(display.o)
                0x80026c80                display_init
 .text.display_close
                0x80027280      0x100 /opt/libdragon/bin/../lib/gcc/mips64-elf/13.1.0/../../../../mips64-elf/lib/libdragon.a(display.o)
                0x80027280                display_close
 .text.display_try_get
                0x80027380       0xc0 /opt/libdragon/bin/../lib/gcc/mips64-elf/13.1.0/../../../../mips64-elf/lib/libdragon.a(display.o)
                0x80027380                display_try_get
 .text.display_get
                0x80027440      0x100 /opt/libdragon/bin/../lib/gcc/mips64-elf/13.1.0/../../../../mips64-elf/lib/libdragon.a(display.o)
                0x80027440                display_get
 .text.display_show
                0x80027540       0x20 /opt/libdragon/bin/../lib/gcc/mips64-elf/13.1.0/../../../../mips64-elf/lib/libdragon.a(display.o)
                0x80027540                display_show
 .text.display_show_force
                0x80027560       0x40 /opt/libdragon/bin/../lib/gcc/mips64-elf/13.1.0/../../../../mips64-elf/lib/libdragon.a(display.o)
                0x80027560                display_show_force
 .text.display_get_width
                0x800275a0       0x20 /opt/libdragon/bin/../lib/gcc/mips64-elf/13.1.0/../../../../mips64-elf/lib/libdragon.a(display.o)
                0x800275a0                display_get_width
 .text.display_get_height
                0x800275c0       0x20 /opt/libdragon/bin/../lib/gcc/mips64-elf/13.1.0/../../../../mips64-elf/lib/libdragon.a(display.o)
                0x800275c0                display_get_height
 .text.display_get_bitdepth
                0x800275e0       0x20 /opt/libdragon/bin/../lib/gcc/mips64-elf/13.1.0/../../../../mips64-elf/lib/libdragon.a(display.o)
                0x800275e0                display_get_bitdepth
 .text.tex_format_name
                0x80027600       0x40 /opt/libdragon/bin/../lib/gcc/mips64-elf/13.1.0/../../../../mips64-elf/lib/libdragon.a(surface.o)
                0x80027600                tex_format_name
 .text.surface_alloc
                0x80027640       0xe0 /opt/libdragon/bin/../lib/gcc/mips64-elf/13.1.0/../../../../mips64-elf/lib/libdragon.a(surface.o)
                0x80027640                surface_alloc
 .text.surface_free
                0x80027720       0x80 /opt/libdragon/bin/../lib/gcc/mips64-elf/13.1.0/../../../../mips64-elf/lib/libdragon.a(surface.o)
                0x80027720                surface_free
 .text.controller_interrupt_update
                0x800277a0       0x80 /opt/libdragon/bin/../lib/gcc/mips64-elf/13.1.0/../../../../mips64-elf/lib/libdragon.a(controller.o)
 .text.controller_interrupt
                0x80027820       0x40 /opt/libdragon/bin/../lib/gcc/mips64-elf/13.1.0/../../../../mips64-elf/lib/libdragon.a(controller.o)
 .text.controller_init
                0x80027860       0xa0 /opt/libdragon/bin/../lib/gcc/mips64-elf/13.1.0/../../../../mips64-elf/lib/libdragon.a(controller.o)
                0x80027860                controller_init
 .text.controller_read
                0x80027900       0x20 /opt/libdragon/bin/../lib/gcc/mips64-elf/13.1.0/../../../../mips64-elf/lib/libdragon.a(controller.o)
                0x80027900                controller_read
 .text.controller_scan
                0x80027920      0x100 /opt/libdragon/bin/../lib/gcc/mips64-elf/13.1.0/../../../../mips64-elf/lib/libdragon.a(controller.o)
                0x80027920                controller_scan
 .text.get_keys_down
                0x80027a20       0xa0 /opt/libdragon/bin/../lib/gcc/mips64-elf/13.1.0/../../../../mips64-elf/lib/libdragon.a(controller.o)
                0x80027a20                get_keys_down
 .text.get_keys_pressed
                0x80027ac0       0x60 /opt/libdragon/bin/../lib/gcc/mips64-elf/13.1.0/../../../../mips64-elf/lib/libdragon.a(controller.o)
                0x80027ac0                get_keys_pressed
 .text.rsp_load_code
                0x80027b20      0x100 /opt/libdragon/bin/../lib/gcc/mips64-elf/13.1.0/../../../../mips64-elf/lib/libdragon.a(rsp.o)
                0x80027b20                rsp_load_code
 .text.rsp_load_data
                0x80027c20       0xe0 /opt/libdragon/bin/../lib/gcc/mips64-elf/13.1.0/../../../../mips64-elf/lib/libdragon.a(rsp.o)
                0x80027c20                rsp_load_data
 .text.rsp_load
                0x80027d00       0x60 /opt/libdragon/bin/../lib/gcc/mips64-elf/13.1.0/../../../../mips64-elf/lib/libdragon.a(rsp.o)
                0x80027d00                rsp_load
 .text.rsp_read_code
                0x80027d60       0xe0 /opt/libdragon/bin/../lib/gcc/mips64-elf/13.1.0/../../../../mips64-elf/lib/libdragon.a(rsp.o)
                0x80027d60                rsp_read_code
 .text.rsp_read_data
                0x80027e40       0xe0 /opt/libdragon/bin/../lib/gcc/mips64-elf/13.1.0/../../../../mips64-elf/lib/libdragon.a(rsp.o)
                0x80027e40                rsp_read_data
 .text.__rsp_run_async
                0x80027f20       0x40 /opt/libdragon/bin/../lib/gcc/mips64-elf/13.1.0/../../../../mips64-elf/lib/libdragon.a(rsp.o)
                0x80027f20                __rsp_run_async
 .text.__rsp_crash
                0x80027f60      0xbe0 /opt/libdragon/bin/../lib/gcc/mips64-elf/13.1.0/../../../../mips64-elf/lib/libdragon.a(rsp.o)
                0x80027f60                __rsp_crash
 .text.__rsp_check_assert
                0x80028b40       0x80 /opt/libdragon/bin/../lib/gcc/mips64-elf/13.1.0/../../../../mips64-elf/lib/libdragon.a(rsp.o)
                0x80028b40                __rsp_check_assert
 .text.rsp_wait
                0x80028bc0      0x100 /opt/libdragon/bin/../lib/gcc/mips64-elf/13.1.0/../../../../mips64-elf/lib/libdragon.a(rsp.o)
                0x80028bc0                rsp_wait
 .text.rsp_run  0x80028cc0       0x60 /opt/libdragon/bin/../lib/gcc/mips64-elf/13.1.0/../../../../mips64-elf/lib/libdragon.a(rsp.o)
                0x80028cc0                rsp_run
 .text.cb.2     0x80028d20       0x60 /opt/libdragon/bin/../lib/gcc/mips64-elf/13.1.0/../../../../mips64-elf/lib/libdragon.a(inspector.o)
 .text.cb.1     0x80028d80       0x60 /opt/libdragon/bin/../lib/gcc/mips64-elf/13.1.0/../../../../mips64-elf/lib/libdragon.a(inspector.o)
 .text.cb.0     0x80028de0      0x120 /opt/libdragon/bin/../lib/gcc/mips64-elf/13.1.0/../../../../mips64-elf/lib/libdragon.a(inspector.o)
 .text.cb.3     0x80028f00      0x120 /opt/libdragon/bin/../lib/gcc/mips64-elf/13.1.0/../../../../mips64-elf/lib/libdragon.a(inspector.o)
 .text.inspector_stdout
                0x80029020      0x240 /opt/libdragon/bin/../lib/gcc/mips64-elf/13.1.0/../../../../mips64-elf/lib/libdragon.a(inspector.o)
 .text.title    0x80029260       0xa0 /opt/libdragon/bin/../lib/gcc/mips64-elf/13.1.0/../../../../mips64-elf/lib/libdragon.a(inspector.o)
 .text.mips_disasm
                0x80029300      0x640 /opt/libdragon/bin/../lib/gcc/mips64-elf/13.1.0/../../../../mips64-elf/lib/libdragon.a(inspector.o)
 .text.inspector
                0x80029940      0xc40 /opt/libdragon/bin/../lib/gcc/mips64-elf/13.1.0/../../../../mips64-elf/lib/libdragon.a(inspector.o)
 .text.handler.4
                0x8002a580       0x40 /opt/libdragon/bin/../lib/gcc/mips64-elf/13.1.0/../../../../mips64-elf/lib/libdragon.a(inspector.o)
 .text.__inspector_exception
                0x8002a5c0       0x20 /opt/libdragon/bin/../lib/gcc/mips64-elf/13.1.0/../../../../mips64-elf/lib/libdragon.a(inspector.o)
                0x8002a5c0                __inspector_exception
 .text.__inspector_assertion
                0x8002a5e0       0x20 /opt/libdragon/bin/../lib/gcc/mips64-elf/13.1.0/../../../../mips64-elf/lib/libdragon.a(inspector.o)
                0x8002a5e0                __inspector_assertion
 .text.__inspector_cppexception
                0x8002a600       0x20 /opt/libdragon/bin/../lib/gcc/mips64-elf/13.1.0/../../../../mips64-elf/lib/libdragon.a(inspector.o)
                0x8002a600                __inspector_cppexception
 .text.startup.__inspector_init
                0x8002a620       0x20 /opt/libdragon/bin/../lib/gcc/mips64-elf/13.1.0/../../../../mips64-elf/lib/libdragon.a(inspector.o)
                0x8002a620                __inspector_init
 .text.sprite_load_buf.part.0
                0x8002a640       0x40 /opt/libdragon/bin/../lib/gcc/mips64-elf/13.1.0/../../../../mips64-elf/lib/libdragon.a(sprite.o)
 .text.__sprite_ext
                0x8002a680       0xa0 /opt/libdragon/bin/../lib/gcc/mips64-elf/13.1.0/../../../../mips64-elf/lib/libdragon.a(sprite.o)
                0x8002a680                __sprite_ext
 .text.sprite_load
                0x8002a720       0xa0 /opt/libdragon/bin/../lib/gcc/mips64-elf/13.1.0/../../../../mips64-elf/lib/libdragon.a(sprite.o)
                0x8002a720                sprite_load
 .text.sprite_get_pixels
                0x8002a7c0       0x60 /opt/libdragon/bin/../lib/gcc/mips64-elf/13.1.0/../../../../mips64-elf/lib/libdragon.a(sprite.o)
                0x8002a7c0                sprite_get_pixels
 .text.sprite_get_lod_pixels
                0x8002a820      0x160 /opt/libdragon/bin/../lib/gcc/mips64-elf/13.1.0/../../../../mips64-elf/lib/libdragon.a(sprite.o)
                0x8002a820                sprite_get_lod_pixels
 .text.sprite_get_detail_texparms
                0x8002a980       0xa0 /opt/libdragon/bin/../lib/gcc/mips64-elf/13.1.0/../../../../mips64-elf/lib/libdragon.a(sprite.o)
                0x8002a980                sprite_get_detail_texparms
 .text.sprite_get_detail_pixels
                0x8002aa20      0x160 /opt/libdragon/bin/../lib/gcc/mips64-elf/13.1.0/../../../../mips64-elf/lib/libdragon.a(sprite.o)
                0x8002aa20                sprite_get_detail_pixels
 .text.sprite_get_palette
                0x8002ab80       0x60 /opt/libdragon/bin/../lib/gcc/mips64-elf/13.1.0/../../../../mips64-elf/lib/libdragon.a(sprite.o)
                0x8002ab80                sprite_get_palette
 .text.sprite_get_texparms
                0x8002abe0       0xc0 /opt/libdragon/bin/../lib/gcc/mips64-elf/13.1.0/../../../../mips64-elf/lib/libdragon.a(sprite.o)
                0x8002abe0                sprite_get_texparms
 .text.sprite_get_lod_count
                0x8002aca0       0x60 /opt/libdragon/bin/../lib/gcc/mips64-elf/13.1.0/../../../../mips64-elf/lib/libdragon.a(sprite.o)
                0x8002aca0                sprite_get_lod_count
 .text.dma_read_raw_async
                0x8002ad00       0xa0 /opt/libdragon/bin/../lib/gcc/mips64-elf/13.1.0/../../../../mips64-elf/lib/libdragon.a(dma.o)
                0x8002ad00                dma_read_raw_async
 .text.dma_read_async
                0x8002ada0      0x3a0 /opt/libdragon/bin/../lib/gcc/mips64-elf/13.1.0/../../../../mips64-elf/lib/libdragon.a(dma.o)
                0x8002ada0                dma_read_async
 .text.dma_read
                0x8002b140       0x40 /opt/libdragon/bin/../lib/gcc/mips64-elf/13.1.0/../../../../mips64-elf/lib/libdragon.a(dma.o)
                0x8002b140                dma_read
 .text.io_read  0x8002b180       0x60 /opt/libdragon/bin/../lib/gcc/mips64-elf/13.1.0/../../../../mips64-elf/lib/libdragon.a(dma.o)
                0x8002b180                io_read
 .text.cb.0     0x8002b1e0       0x40 /opt/libdragon/bin/../lib/gcc/mips64-elf/13.1.0/../../../../mips64-elf/lib/libdragon.a(exception.o)
 .text.cb.1     0x8002b220       0x80 /opt/libdragon/bin/../lib/gcc/mips64-elf/13.1.0/../../../../mips64-elf/lib/libdragon.a(exception.o)
 .text.__get_exception_name.isra.0
                0x8002b2a0      0x1a0 /opt/libdragon/bin/../lib/gcc/mips64-elf/13.1.0/../../../../mips64-elf/lib/libdragon.a(exception.o)
 .text.__exception_dump_header
                0x8002b440      0x260 /opt/libdragon/bin/../lib/gcc/mips64-elf/13.1.0/../../../../mips64-elf/lib/libdragon.a(exception.o)
                0x8002b440                __exception_dump_header
 .text.__exception_dump_gpr
                0x8002b6a0      0x160 /opt/libdragon/bin/../lib/gcc/mips64-elf/13.1.0/../../../../mips64-elf/lib/libdragon.a(exception.o)
                0x8002b6a0                __exception_dump_gpr
 .text.__exception_dump_fpr
                0x8002b800      0x2a0 /opt/libdragon/bin/../lib/gcc/mips64-elf/13.1.0/../../../../mips64-elf/lib/libdragon.a(exception.o)
                0x8002b800                __exception_dump_fpr
 .text.exception_default_handler
                0x8002baa0      0x1a0 /opt/libdragon/bin/../lib/gcc/mips64-elf/13.1.0/../../../../mips64-elf/lib/libdragon.a(exception.o)
                0x8002baa0                exception_default_handler
 .text.__onCriticalException
                0x8002bc40       0x60 /opt/libdragon/bin/../lib/gcc/mips64-elf/13.1.0/../../../../mips64-elf/lib/libdragon.a(exception.o)
                0x8002bc40                __onCriticalException
 .text.register_syscall_handler
                0x8002bca0      0x1a0 /opt/libdragon/bin/../lib/gcc/mips64-elf/13.1.0/../../../../mips64-elf/lib/libdragon.a(exception.o)
                0x8002bca0                register_syscall_handler
 .text.__onSyscallException
                0x8002be40      0x140 /opt/libdragon/bin/../lib/gcc/mips64-elf/13.1.0/../../../../mips64-elf/lib/libdragon.a(exception.o)
                0x8002be40                __onSyscallException
 .text.__wrap___do_global_ctors
                0x8002bf80       0xe0 /opt/libdragon/bin/../lib/gcc/mips64-elf/13.1.0/../../../../mips64-elf/lib/libdragon.a(do_ctors.o)
                0x8002bf80                __wrap___do_global_ctors
 .text.rdpq_assert_handler
                0x8002c060       0xa0 /opt/libdragon/bin/../lib/gcc/mips64-elf/13.1.0/../../../../mips64-elf/lib/libdragon.a(rdpq.o)
 .text.__rdpq_interrupt
                0x8002c100       0xa0 /opt/libdragon/bin/../lib/gcc/mips64-elf/13.1.0/../../../../mips64-elf/lib/libdragon.a(rdpq.o)
 .text.rdpq_set_tile
                0x8002c1a0      0x260 /opt/libdragon/bin/../lib/gcc/mips64-elf/13.1.0/../../../../mips64-elf/lib/libdragon.a(rdpq.o)
                0x8002c1a0                rdpq_set_tile
 .text.rdpq_config_set
                0x8002c400       0x20 /opt/libdragon/bin/../lib/gcc/mips64-elf/13.1.0/../../../../mips64-elf/lib/libdragon.a(rdpq.o)
                0x8002c400                rdpq_config_set
 .text.rdpq_config_disable
                0x8002c420       0x20 /opt/libdragon/bin/../lib/gcc/mips64-elf/13.1.0/../../../../mips64-elf/lib/libdragon.a(rdpq.o)
                0x8002c420                rdpq_config_disable
 .text.__rdpq_block_begin
                0x8002c440       0x40 /opt/libdragon/bin/../lib/gcc/mips64-elf/13.1.0/../../../../mips64-elf/lib/libdragon.a(rdpq.o)
                0x8002c440                __rdpq_block_begin
 .text.__rdpq_block_next_buffer
                0x8002c480      0x1c0 /opt/libdragon/bin/../lib/gcc/mips64-elf/13.1.0/../../../../mips64-elf/lib/libdragon.a(rdpq.o)
                0x8002c480                __rdpq_block_next_buffer
 .text.rdpq_fence
                0x8002c640      0x120 /opt/libdragon/bin/../lib/gcc/mips64-elf/13.1.0/../../../../mips64-elf/lib/libdragon.a(rdpq.o)
                0x8002c640                rdpq_fence
 .text.__rdpq_block_end
                0x8002c760       0x40 /opt/libdragon/bin/../lib/gcc/mips64-elf/13.1.0/../../../../mips64-elf/lib/libdragon.a(rdpq.o)
                0x8002c760                __rdpq_block_end
 .text.__rdpq_block_run
                0x8002c7a0       0x40 /opt/libdragon/bin/../lib/gcc/mips64-elf/13.1.0/../../../../mips64-elf/lib/libdragon.a(rdpq.o)
                0x8002c7a0                __rdpq_block_run
 .text.__rdpq_block_free
                0x8002c7e0       0x60 /opt/libdragon/bin/../lib/gcc/mips64-elf/13.1.0/../../../../mips64-elf/lib/libdragon.a(rdpq.o)
                0x8002c7e0                __rdpq_block_free
 .text.__rdpq_block_reserve
                0x8002c840      0x140 /opt/libdragon/bin/../lib/gcc/mips64-elf/13.1.0/../../../../mips64-elf/lib/libdragon.a(rdpq.o)
                0x8002c840                __rdpq_block_reserve
 .text.__rdpq_block_update
                0x8002c980      0x120 /opt/libdragon/bin/../lib/gcc/mips64-elf/13.1.0/../../../../mips64-elf/lib/libdragon.a(rdpq.o)
                0x8002c980                __rdpq_block_update
 .text.__rdpq_write8
                0x8002caa0       0xe0 /opt/libdragon/bin/../lib/gcc/mips64-elf/13.1.0/../../../../mips64-elf/lib/libdragon.a(rdpq.o)
                0x8002caa0                __rdpq_write8
 .text.__rdpq_autosync_change
                0x8002cb80      0x140 /opt/libdragon/bin/../lib/gcc/mips64-elf/13.1.0/../../../../mips64-elf/lib/libdragon.a(rdpq.o)
                0x8002cb80                __rdpq_autosync_change
 .text.__rdpq_write8_syncchange
                0x8002ccc0       0x60 /opt/libdragon/bin/../lib/gcc/mips64-elf/13.1.0/../../../../mips64-elf/lib/libdragon.a(rdpq.o)
                0x8002ccc0                __rdpq_write8_syncchange
 .text.__rdpq_fixup_write8_syncchange
                0x8002cd20      0x100 /opt/libdragon/bin/../lib/gcc/mips64-elf/13.1.0/../../../../mips64-elf/lib/libdragon.a(rdpq.o)
                0x8002cd20                __rdpq_fixup_write8_syncchange
 .text.__rdpq_write8_syncchangeuse
                0x8002ce20       0x80 /opt/libdragon/bin/../lib/gcc/mips64-elf/13.1.0/../../../../mips64-elf/lib/libdragon.a(rdpq.o)
                0x8002ce20                __rdpq_write8_syncchangeuse
 .text.__rdpq_set_scissor
                0x8002cea0       0xe0 /opt/libdragon/bin/../lib/gcc/mips64-elf/13.1.0/../../../../mips64-elf/lib/libdragon.a(rdpq.o)
                0x8002cea0                __rdpq_set_scissor
 .text.__rdpq_set_fill_color
                0x8002cf80       0xe0 /opt/libdragon/bin/../lib/gcc/mips64-elf/13.1.0/../../../../mips64-elf/lib/libdragon.a(rdpq.o)
                0x8002cf80                __rdpq_set_fill_color
 .text.__rdpq_set_color_image
                0x8002d060      0x140 /opt/libdragon/bin/../lib/gcc/mips64-elf/13.1.0/../../../../mips64-elf/lib/libdragon.a(rdpq.o)
                0x8002d060                __rdpq_set_color_image
 .text.rdpq_set_color_image
                0x8002d1a0      0x180 /opt/libdragon/bin/../lib/gcc/mips64-elf/13.1.0/../../../../mips64-elf/lib/libdragon.a(rdpq.o)
                0x8002d1a0                rdpq_set_color_image
 .text.rdpq_set_z_image
                0x8002d320       0xc0 /opt/libdragon/bin/../lib/gcc/mips64-elf/13.1.0/../../../../mips64-elf/lib/libdragon.a(rdpq.o)
                0x8002d320                rdpq_set_z_image
 .text.rdpq_set_texture_image
                0x8002d3e0      0x140 /opt/libdragon/bin/../lib/gcc/mips64-elf/13.1.0/../../../../mips64-elf/lib/libdragon.a(rdpq.o)
                0x8002d3e0                rdpq_set_texture_image
 .text.__rdpq_set_other_modes
                0x8002d520      0x100 /opt/libdragon/bin/../lib/gcc/mips64-elf/13.1.0/../../../../mips64-elf/lib/libdragon.a(rdpq.o)
                0x8002d520                __rdpq_set_other_modes
 .text.rdpq_init
                0x8002d620      0x180 /opt/libdragon/bin/../lib/gcc/mips64-elf/13.1.0/../../../../mips64-elf/lib/libdragon.a(rdpq.o)
                0x8002d620                rdpq_init
 .text.rdpq_set_tile_autotmem
                0x8002d7a0       0xa0 /opt/libdragon/bin/../lib/gcc/mips64-elf/13.1.0/../../../../mips64-elf/lib/libdragon.a(rdpq.o)
                0x8002d7a0                rdpq_set_tile_autotmem
 .text.rdpq_sync_full
                0x8002d840      0x100 /opt/libdragon/bin/../lib/gcc/mips64-elf/13.1.0/../../../../mips64-elf/lib/libdragon.a(rdpq.o)
                0x8002d840                rdpq_sync_full
 .text.rdpq_call_deferred
                0x8002d940       0x20 /opt/libdragon/bin/../lib/gcc/mips64-elf/13.1.0/../../../../mips64-elf/lib/libdragon.a(rdpq.o)
                0x8002d940                rdpq_call_deferred
 .text.rdpq_debug_log_msg
                0x8002d960       0xe0 /opt/libdragon/bin/../lib/gcc/mips64-elf/13.1.0/../../../../mips64-elf/lib/libdragon.a(rdpq_debug.o)
                0x8002d960                rdpq_debug_log_msg
 .text.__rdpq_fill_rectangle
                0x8002da40      0x120 /opt/libdragon/bin/../lib/gcc/mips64-elf/13.1.0/../../../../mips64-elf/lib/libdragon.a(rdpq_rect.o)
                0x8002da40                __rdpq_fill_rectangle
 .text.__rdpq_fill_rectangle_offline
                0x8002db60       0x80 /opt/libdragon/bin/../lib/gcc/mips64-elf/13.1.0/../../../../mips64-elf/lib/libdragon.a(rdpq_rect.o)
                0x8002db60                __rdpq_fill_rectangle_offline
 .text.__rdpq_texture_rectangle
                0x8002dbe0      0x1a0 /opt/libdragon/bin/../lib/gcc/mips64-elf/13.1.0/../../../../mips64-elf/lib/libdragon.a(rdpq_rect.o)
                0x8002dbe0                __rdpq_texture_rectangle
 .text.__rdpq_texture_rectangle_scaled_offline
                0x8002dd80      0x200 /opt/libdragon/bin/../lib/gcc/mips64-elf/13.1.0/../../../../mips64-elf/lib/libdragon.a(rdpq_rect.o)
                0x8002dd80                __rdpq_texture_rectangle_scaled_offline
 .text.__rdpq_fixup_mode
                0x8002df80       0xc0 /opt/libdragon/bin/../lib/gcc/mips64-elf/13.1.0/../../../../mips64-elf/lib/libdragon.a(rdpq_mode.o)
                0x8002df80                __rdpq_fixup_mode
 .text.__rdpq_fixup_mode3
                0x8002e040       0xe0 /opt/libdragon/bin/../lib/gcc/mips64-elf/13.1.0/../../../../mips64-elf/lib/libdragon.a(rdpq_mode.o)
                0x8002e040                __rdpq_fixup_mode3
 .text.__rdpq_reset_render_mode
                0x8002e120       0xe0 /opt/libdragon/bin/../lib/gcc/mips64-elf/13.1.0/../../../../mips64-elf/lib/libdragon.a(rdpq_mode.o)
                0x8002e120                __rdpq_reset_render_mode
 .text.rdpq_mode_push
                0x8002e200       0x40 /opt/libdragon/bin/../lib/gcc/mips64-elf/13.1.0/../../../../mips64-elf/lib/libdragon.a(rdpq_mode.o)
                0x8002e200                rdpq_mode_push
 .text.rdpq_mode_pop
                0x8002e240       0x20 /opt/libdragon/bin/../lib/gcc/mips64-elf/13.1.0/../../../../mips64-elf/lib/libdragon.a(rdpq_mode.o)
                0x8002e240                rdpq_mode_pop
 .text.__rdpq_set_mode_fill
                0x8002e260       0x80 /opt/libdragon/bin/../lib/gcc/mips64-elf/13.1.0/../../../../mips64-elf/lib/libdragon.a(rdpq_mode.o)
                0x8002e260                __rdpq_set_mode_fill
 .text.rdpq_attach.part.0
                0x8002e2e0       0x40 /opt/libdragon/bin/../lib/gcc/mips64-elf/13.1.0/../../../../mips64-elf/lib/libdragon.a(rdpq_attach.o)
 .text.attach   0x8002e320      0x220 /opt/libdragon/bin/../lib/gcc/mips64-elf/13.1.0/../../../../mips64-elf/lib/libdragon.a(rdpq_attach.o)
 .text.rdpq_attach
                0x8002e540       0x40 /opt/libdragon/bin/../lib/gcc/mips64-elf/13.1.0/../../../../mips64-elf/lib/libdragon.a(rdpq_attach.o)
                0x8002e540                rdpq_attach
 .text.__rdpq_clear
                0x8002e580       0xc0 /opt/libdragon/bin/../lib/gcc/mips64-elf/13.1.0/../../../../mips64-elf/lib/libdragon.a(rdpq_attach.o)
                0x8002e580                __rdpq_clear
 .text.rdpq_detach_cb
                0x8002e640       0xc0 /opt/libdragon/bin/../lib/gcc/mips64-elf/13.1.0/../../../../mips64-elf/lib/libdragon.a(rdpq_attach.o)
                0x8002e640                rdpq_detach_cb
 .text.__rdpq_clear_z
                0x8002e700      0x180 /opt/libdragon/bin/../lib/gcc/mips64-elf/13.1.0/../../../../mips64-elf/lib/libdragon.a(rdpq_attach.o)
                0x8002e700                __rdpq_clear_z
 .text.rdpq_detach_show
                0x8002e880       0x80 /opt/libdragon/bin/../lib/gcc/mips64-elf/13.1.0/../../../../mips64-elf/lib/libdragon.a(rdpq_attach.o)
                0x8002e880                rdpq_detach_show
 .text.rdpq_get_attached
                0x8002e900       0x40 /opt/libdragon/bin/../lib/gcc/mips64-elf/13.1.0/../../../../mips64-elf/lib/libdragon.a(rdpq_attach.o)
                0x8002e900                rdpq_get_attached
 .text.gl_context_begin
                0x8002e940      0x160 /opt/libdragon/bin/../lib/gcc/mips64-elf/13.1.0/../../../../mips64-elf/lib/libdragon.a(gl.o)
                0x8002e940                gl_context_begin
 .text.gl_context_end
                0x8002eaa0       0xc0 /opt/libdragon/bin/../lib/gcc/mips64-elf/13.1.0/../../../../mips64-elf/lib/libdragon.a(gl.o)
                0x8002eaa0                gl_context_end
 .text.gl_set_flag2
                0x8002eb60      0x9a0 /opt/libdragon/bin/../lib/gcc/mips64-elf/13.1.0/../../../../mips64-elf/lib/libdragon.a(gl.o)
                0x8002eb60                gl_set_flag2
 .text.glEnable
                0x8002f500       0x80 /opt/libdragon/bin/../lib/gcc/mips64-elf/13.1.0/../../../../mips64-elf/lib/libdragon.a(gl.o)
                0x8002f500                glEnable
 .text.glDisable
                0x8002f580       0x80 /opt/libdragon/bin/../lib/gcc/mips64-elf/13.1.0/../../../../mips64-elf/lib/libdragon.a(gl.o)
                0x8002f580                glDisable
 .text.gl_copy_fill_color
                0x8002f600       0xc0 /opt/libdragon/bin/../lib/gcc/mips64-elf/13.1.0/../../../../mips64-elf/lib/libdragon.a(gl.o)
                0x8002f600                gl_copy_fill_color
 .text.glClear  0x8002f6c0      0x120 /opt/libdragon/bin/../lib/gcc/mips64-elf/13.1.0/../../../../mips64-elf/lib/libdragon.a(gl.o)
                0x8002f6c0                glClear
 .text.glClearColor
                0x8002f7e0      0x220 /opt/libdragon/bin/../lib/gcc/mips64-elf/13.1.0/../../../../mips64-elf/lib/libdragon.a(gl.o)
                0x8002f7e0                glClearColor
 .text.glClearDepth
                0x8002fa00      0x120 /opt/libdragon/bin/../lib/gcc/mips64-elf/13.1.0/../../../../mips64-elf/lib/libdragon.a(gl.o)
                0x8002fa00                glClearDepth
 .text.gl_init  0x8002fb20      0x3e0 /opt/libdragon/bin/../lib/gcc/mips64-elf/13.1.0/../../../../mips64-elf/lib/libdragon.a(gl.o)
                0x8002fb20                gl_init
 .text.gl_storage_resize
                0x8002ff00       0xa0 /opt/libdragon/bin/../lib/gcc/mips64-elf/13.1.0/../../../../mips64-elf/lib/libdragon.a(gl.o)
                0x8002ff00                gl_storage_resize
 .text.gl_get_light.part.0
                0x8002ffa0       0x60 /opt/libdragon/bin/../lib/gcc/mips64-elf/13.1.0/../../../../mips64-elf/lib/libdragon.a(lighting.o)
 .text.gl_lighting_init
                0x80030000      0x120 /opt/libdragon/bin/../lib/gcc/mips64-elf/13.1.0/../../../../mips64-elf/lib/libdragon.a(lighting.o)
                0x80030000                gl_lighting_init
 .text.gl_normalize
                0x80030120       0x60 /opt/libdragon/bin/../lib/gcc/mips64-elf/13.1.0/../../../../mips64-elf/lib/libdragon.a(lighting.o)
                0x80030120                gl_normalize
 .text.gl_homogeneous_unit_diff
                0x80030180      0x180 /opt/libdragon/bin/../lib/gcc/mips64-elf/13.1.0/../../../../mips64-elf/lib/libdragon.a(lighting.o)
                0x80030180                gl_homogeneous_unit_diff
 .text.gl_cross
                0x80030300       0x80 /opt/libdragon/bin/../lib/gcc/mips64-elf/13.1.0/../../../../mips64-elf/lib/libdragon.a(lighting.o)
                0x80030300                gl_cross
 .text.dot_product3
                0x80030380       0x40 /opt/libdragon/bin/../lib/gcc/mips64-elf/13.1.0/../../../../mips64-elf/lib/libdragon.a(lighting.o)
                0x80030380                dot_product3
 .text.gl_perform_lighting
                0x800303c0      0x540 /opt/libdragon/bin/../lib/gcc/mips64-elf/13.1.0/../../../../mips64-elf/lib/libdragon.a(lighting.o)
                0x800303c0                gl_perform_lighting
 .text.gl_set_color
                0x80030900      0x1e0 /opt/libdragon/bin/../lib/gcc/mips64-elf/13.1.0/../../../../mips64-elf/lib/libdragon.a(lighting.o)
                0x80030900                gl_set_color
 .text.gl_set_material_paramf
                0x80030ae0      0x240 /opt/libdragon/bin/../lib/gcc/mips64-elf/13.1.0/../../../../mips64-elf/lib/libdragon.a(lighting.o)
                0x80030ae0                gl_set_material_paramf
 .text.glMaterialfv
                0x80030d20      0x120 /opt/libdragon/bin/../lib/gcc/mips64-elf/13.1.0/../../../../mips64-elf/lib/libdragon.a(lighting.o)
                0x80030d20                glMaterialfv
 .text.gl_light_set_position
                0x80030e40      0x1c0 /opt/libdragon/bin/../lib/gcc/mips64-elf/13.1.0/../../../../mips64-elf/lib/libdragon.a(lighting.o)
                0x80030e40                gl_light_set_position
 .text.gl_light_set_constant_attenuation
                0x80031000      0x140 /opt/libdragon/bin/../lib/gcc/mips64-elf/13.1.0/../../../../mips64-elf/lib/libdragon.a(lighting.o)
                0x80031000                gl_light_set_constant_attenuation
 .text.gl_light_set_linear_attenuation
                0x80031140      0x140 /opt/libdragon/bin/../lib/gcc/mips64-elf/13.1.0/../../../../mips64-elf/lib/libdragon.a(lighting.o)
                0x80031140                gl_light_set_linear_attenuation
 .text.gl_light_set_quadratic_attenuation
                0x80031280      0x140 /opt/libdragon/bin/../lib/gcc/mips64-elf/13.1.0/../../../../mips64-elf/lib/libdragon.a(lighting.o)
                0x80031280                gl_light_set_quadratic_attenuation
 .text.glLightf
                0x800313c0      0x1e0 /opt/libdragon/bin/../lib/gcc/mips64-elf/13.1.0/../../../../mips64-elf/lib/libdragon.a(lighting.o)
                0x800313c0                glLightf
 .text.glLightfv
                0x800315a0      0x300 /opt/libdragon/bin/../lib/gcc/mips64-elf/13.1.0/../../../../mips64-elf/lib/libdragon.a(lighting.o)
                0x800315a0                glLightfv
 .text.glLightModelfv
                0x800318a0      0x1c0 /opt/libdragon/bin/../lib/gcc/mips64-elf/13.1.0/../../../../mips64-elf/lib/libdragon.a(lighting.o)
                0x800318a0                glLightModelfv
 .text.glShadeModel
                0x80031a60      0x120 /opt/libdragon/bin/../lib/gcc/mips64-elf/13.1.0/../../../../mips64-elf/lib/libdragon.a(lighting.o)
                0x80031a60                glShadeModel
 .text.gl_matrix_load
                0x80031b80      0x120 /opt/libdragon/bin/../lib/gcc/mips64-elf/13.1.0/../../../../mips64-elf/lib/libdragon.a(matrix.o)
 .text.gl_matrix_stack_get_matrix
                0x80031ca0       0x20 /opt/libdragon/bin/../lib/gcc/mips64-elf/13.1.0/../../../../mips64-elf/lib/libdragon.a(matrix.o)
                0x80031ca0                gl_matrix_stack_get_matrix
 .text.gl_matrix_mult
                0x80031cc0      0x120 /opt/libdragon/bin/../lib/gcc/mips64-elf/13.1.0/../../../../mips64-elf/lib/libdragon.a(matrix.o)
                0x80031cc0                gl_matrix_mult
 .text.gl_matrix_mult3x3
                0x80031de0       0xa0 /opt/libdragon/bin/../lib/gcc/mips64-elf/13.1.0/../../../../mips64-elf/lib/libdragon.a(matrix.o)
                0x80031de0                gl_matrix_mult3x3
 .text.gl_update_matrix_targets
                0x80031e80      0x140 /opt/libdragon/bin/../lib/gcc/mips64-elf/13.1.0/../../../../mips64-elf/lib/libdragon.a(matrix.o)
                0x80031e80                gl_update_matrix_targets
 .text.gl_update_current_matrix_stack
                0x80031fc0      0x140 /opt/libdragon/bin/../lib/gcc/mips64-elf/13.1.0/../../../../mips64-elf/lib/libdragon.a(matrix.o)
                0x80031fc0                gl_update_current_matrix_stack
 .text.glMatrixMode
                0x80032100      0x120 /opt/libdragon/bin/../lib/gcc/mips64-elf/13.1.0/../../../../mips64-elf/lib/libdragon.a(matrix.o)
                0x80032100                glMatrixMode
 .text.glCurrentPaletteMatrixARB
                0x80032220      0x120 /opt/libdragon/bin/../lib/gcc/mips64-elf/13.1.0/../../../../mips64-elf/lib/libdragon.a(matrix.o)
                0x80032220                glCurrentPaletteMatrixARB
 .text.glMultMatrixf
                0x80032340      0x180 /opt/libdragon/bin/../lib/gcc/mips64-elf/13.1.0/../../../../mips64-elf/lib/libdragon.a(matrix.o)
                0x80032340                glMultMatrixf
 .text.glLoadIdentity
                0x800324c0      0x160 /opt/libdragon/bin/../lib/gcc/mips64-elf/13.1.0/../../../../mips64-elf/lib/libdragon.a(matrix.o)
                0x800324c0                glLoadIdentity
 .text.gl_matrix_init
                0x80032620      0x140 /opt/libdragon/bin/../lib/gcc/mips64-elf/13.1.0/../../../../mips64-elf/lib/libdragon.a(matrix.o)
                0x80032620                gl_matrix_init
 .text.glRotatef
                0x80032760      0x1a0 /opt/libdragon/bin/../lib/gcc/mips64-elf/13.1.0/../../../../mips64-elf/lib/libdragon.a(matrix.o)
                0x80032760                glRotatef
 .text.glTranslatef
                0x80032900       0xc0 /opt/libdragon/bin/../lib/gcc/mips64-elf/13.1.0/../../../../mips64-elf/lib/libdragon.a(matrix.o)
                0x80032900                glTranslatef
 .text.glFrustum
                0x800329c0      0x120 /opt/libdragon/bin/../lib/gcc/mips64-elf/13.1.0/../../../../mips64-elf/lib/libdragon.a(matrix.o)
                0x800329c0                glFrustum
 .text.glPushMatrix
                0x80032ae0      0x1c0 /opt/libdragon/bin/../lib/gcc/mips64-elf/13.1.0/../../../../mips64-elf/lib/libdragon.a(matrix.o)
                0x80032ae0                glPushMatrix
 .text.glPopMatrix
                0x80032ca0      0x160 /opt/libdragon/bin/../lib/gcc/mips64-elf/13.1.0/../../../../mips64-elf/lib/libdragon.a(matrix.o)
                0x80032ca0                glPopMatrix
 .text.gl_points
                0x80032e00       0x20 /opt/libdragon/bin/../lib/gcc/mips64-elf/13.1.0/../../../../mips64-elf/lib/libdragon.a(primitive.o)
                0x80032e00                gl_points
 .text.gl_line_strip
                0x80032e20       0x20 /opt/libdragon/bin/../lib/gcc/mips64-elf/13.1.0/../../../../mips64-elf/lib/libdragon.a(primitive.o)
                0x80032e20                gl_line_strip
 .text.gl_triangle_strip
                0x80032e40       0x40 /opt/libdragon/bin/../lib/gcc/mips64-elf/13.1.0/../../../../mips64-elf/lib/libdragon.a(primitive.o)
                0x80032e40                gl_triangle_strip
 .text.gl_triangle_fan
                0x80032e80       0x20 /opt/libdragon/bin/../lib/gcc/mips64-elf/13.1.0/../../../../mips64-elf/lib/libdragon.a(primitive.o)
                0x80032e80                gl_triangle_fan
 .text.gl_quads
                0x80032ea0       0x40 /opt/libdragon/bin/../lib/gcc/mips64-elf/13.1.0/../../../../mips64-elf/lib/libdragon.a(primitive.o)
                0x80032ea0                gl_quads
 .text.read_index_8
                0x80032ee0       0x20 /opt/libdragon/bin/../lib/gcc/mips64-elf/13.1.0/../../../../mips64-elf/lib/libdragon.a(primitive.o)
                0x80032ee0                read_index_8
 .text.read_index_16
                0x80032f00       0x20 /opt/libdragon/bin/../lib/gcc/mips64-elf/13.1.0/../../../../mips64-elf/lib/libdragon.a(primitive.o)
                0x80032f00                read_index_16
 .text.read_index_32
                0x80032f20       0x20 /opt/libdragon/bin/../lib/gcc/mips64-elf/13.1.0/../../../../mips64-elf/lib/libdragon.a(primitive.o)
                0x80032f20                read_index_32
 .text.gl_triangles
                0x80032f40       0x20 /opt/libdragon/bin/../lib/gcc/mips64-elf/13.1.0/../../../../mips64-elf/lib/libdragon.a(primitive.o)
                0x80032f40                gl_triangles
 .text.gl_lines
                0x80032f60       0x20 /opt/libdragon/bin/../lib/gcc/mips64-elf/13.1.0/../../../../mips64-elf/lib/libdragon.a(primitive.o)
                0x80032f60                gl_lines
 .text.gl_primitive_init
                0x80032f80      0x120 /opt/libdragon/bin/../lib/gcc/mips64-elf/13.1.0/../../../../mips64-elf/lib/libdragon.a(primitive.o)
                0x80032f80                gl_primitive_init
 .text.gl_can_use_rsp_pipeline
                0x800330a0      0x200 /opt/libdragon/bin/../lib/gcc/mips64-elf/13.1.0/../../../../mips64-elf/lib/libdragon.a(primitive.o)
                0x800330a0                gl_can_use_rsp_pipeline
 .text.set_can_use_rsp_dirty
                0x800332a0       0x20 /opt/libdragon/bin/../lib/gcc/mips64-elf/13.1.0/../../../../mips64-elf/lib/libdragon.a(primitive.o)
                0x800332a0                set_can_use_rsp_dirty
 .text.gl_init_prim_assembly
                0x800332c0      0x180 /opt/libdragon/bin/../lib/gcc/mips64-elf/13.1.0/../../../../mips64-elf/lib/libdragon.a(primitive.o)
                0x800332c0                gl_init_prim_assembly
 .text.gl_begin
                0x80033440      0x1c0 /opt/libdragon/bin/../lib/gcc/mips64-elf/13.1.0/../../../../mips64-elf/lib/libdragon.a(primitive.o)
                0x80033440                gl_begin
 .text.gl_check_vertex_cache
                0x80033600       0xe0 /opt/libdragon/bin/../lib/gcc/mips64-elf/13.1.0/../../../../mips64-elf/lib/libdragon.a(primitive.o)
                0x80033600                gl_check_vertex_cache
 .text.gl_get_cache_index
                0x800336e0       0x40 /opt/libdragon/bin/../lib/gcc/mips64-elf/13.1.0/../../../../mips64-elf/lib/libdragon.a(primitive.o)
                0x800336e0                gl_get_cache_index
 .text.gl_load_attribs
                0x80033720      0x140 /opt/libdragon/bin/../lib/gcc/mips64-elf/13.1.0/../../../../mips64-elf/lib/libdragon.a(primitive.o)
                0x80033720                gl_load_attribs
 .text.gl_fill_attrib_defaults
                0x80033860       0xa0 /opt/libdragon/bin/../lib/gcc/mips64-elf/13.1.0/../../../../mips64-elf/lib/libdragon.a(primitive.o)
                0x80033860                gl_fill_attrib_defaults
 .text.gl_fill_all_attrib_defaults
                0x80033900       0xe0 /opt/libdragon/bin/../lib/gcc/mips64-elf/13.1.0/../../../../mips64-elf/lib/libdragon.a(primitive.o)
                0x80033900                gl_fill_all_attrib_defaults
 .text.gl_prim_assembly
                0x800339e0       0xc0 /opt/libdragon/bin/../lib/gcc/mips64-elf/13.1.0/../../../../mips64-elf/lib/libdragon.a(primitive.o)
                0x800339e0                gl_prim_assembly
 .text.glDrawElements
                0x80033aa0      0x1c0 /opt/libdragon/bin/../lib/gcc/mips64-elf/13.1.0/../../../../mips64-elf/lib/libdragon.a(primitive.o)
                0x80033aa0                glDrawElements
 .text.glDepthRange
                0x80033c60      0x1a0 /opt/libdragon/bin/../lib/gcc/mips64-elf/13.1.0/../../../../mips64-elf/lib/libdragon.a(primitive.o)
                0x80033c60                glDepthRange
 .text.glViewport
                0x80033e00      0x3a0 /opt/libdragon/bin/../lib/gcc/mips64-elf/13.1.0/../../../../mips64-elf/lib/libdragon.a(primitive.o)
                0x80033e00                glViewport
 .text.glCullFace
                0x800341a0      0x120 /opt/libdragon/bin/../lib/gcc/mips64-elf/13.1.0/../../../../mips64-elf/lib/libdragon.a(primitive.o)
                0x800341a0                glCullFace
 .text.glFrontFace
                0x800342c0      0x100 /opt/libdragon/bin/../lib/gcc/mips64-elf/13.1.0/../../../../mips64-elf/lib/libdragon.a(primitive.o)
                0x800342c0                glFrontFace
 .text.glDepthMask.part.0
                0x800343c0       0x60 /opt/libdragon/bin/../lib/gcc/mips64-elf/13.1.0/../../../../mips64-elf/lib/libdragon.a(rendermode.o)
 .text.gl_update_fog
                0x80034420       0xa0 /opt/libdragon/bin/../lib/gcc/mips64-elf/13.1.0/../../../../mips64-elf/lib/libdragon.a(rendermode.o)
                0x80034420                gl_update_fog
 .text.glFogf   0x800344c0      0x220 /opt/libdragon/bin/../lib/gcc/mips64-elf/13.1.0/../../../../mips64-elf/lib/libdragon.a(rendermode.o)
                0x800344c0                glFogf
 .text.glFogfv  0x800346e0      0x260 /opt/libdragon/bin/../lib/gcc/mips64-elf/13.1.0/../../../../mips64-elf/lib/libdragon.a(rendermode.o)
                0x800346e0                glFogfv
 .text.glScissor
                0x80034940      0x180 /opt/libdragon/bin/../lib/gcc/mips64-elf/13.1.0/../../../../mips64-elf/lib/libdragon.a(rendermode.o)
                0x80034940                glScissor
 .text.glBlendFunc
                0x80034ac0      0x260 /opt/libdragon/bin/../lib/gcc/mips64-elf/13.1.0/../../../../mips64-elf/lib/libdragon.a(rendermode.o)
                0x80034ac0                glBlendFunc
 .text.glDepthFunc
                0x80034d20      0x160 /opt/libdragon/bin/../lib/gcc/mips64-elf/13.1.0/../../../../mips64-elf/lib/libdragon.a(rendermode.o)
                0x80034d20                glDepthFunc
 .text.glAlphaFunc
                0x80034e80      0x240 /opt/libdragon/bin/../lib/gcc/mips64-elf/13.1.0/../../../../mips64-elf/lib/libdragon.a(rendermode.o)
                0x80034e80                glAlphaFunc
 .text.glTexEnvi
                0x800350c0      0x1e0 /opt/libdragon/bin/../lib/gcc/mips64-elf/13.1.0/../../../../mips64-elf/lib/libdragon.a(rendermode.o)
                0x800350c0                glTexEnvi
 .text.gl_rendermode_init
                0x800352a0       0xe0 /opt/libdragon/bin/../lib/gcc/mips64-elf/13.1.0/../../../../mips64-elf/lib/libdragon.a(rendermode.o)
                0x800352a0                gl_rendermode_init
 .text.gl_texture_get_offset.part.0
                0x80035380       0x60 /opt/libdragon/bin/../lib/gcc/mips64-elf/13.1.0/../../../../mips64-elf/lib/libdragon.a(texture.o)
 .text.gl_init_texture_object
                0x800353e0       0xe0 /opt/libdragon/bin/../lib/gcc/mips64-elf/13.1.0/../../../../mips64-elf/lib/libdragon.a(texture.o)
                0x800353e0                gl_init_texture_object
 .text.texture_image_free_safe
                0x800354c0       0xc0 /opt/libdragon/bin/../lib/gcc/mips64-elf/13.1.0/../../../../mips64-elf/lib/libdragon.a(texture.o)
                0x800354c0                texture_image_free_safe
 .text.gl_texture_init
                0x80035580       0x80 /opt/libdragon/bin/../lib/gcc/mips64-elf/13.1.0/../../../../mips64-elf/lib/libdragon.a(texture.o)
                0x80035580                gl_texture_init
 .text.gl_get_active_texture
                0x80035600       0x40 /opt/libdragon/bin/../lib/gcc/mips64-elf/13.1.0/../../../../mips64-elf/lib/libdragon.a(texture.o)
                0x80035600                gl_get_active_texture
 .text.gl_texture_set_upload_block
                0x80035640      0x220 /opt/libdragon/bin/../lib/gcc/mips64-elf/13.1.0/../../../../mips64-elf/lib/libdragon.a(texture.o)
                0x80035640                gl_texture_set_upload_block
 .text.glSpriteTextureN64
                0x80035860      0x300 /opt/libdragon/bin/../lib/gcc/mips64-elf/13.1.0/../../../../mips64-elf/lib/libdragon.a(texture.o)
                0x80035860                glSpriteTextureN64
 .text.gl_texture_set_wrap_s
                0x80035b60       0xe0 /opt/libdragon/bin/../lib/gcc/mips64-elf/13.1.0/../../../../mips64-elf/lib/libdragon.a(texture.o)
                0x80035b60                gl_texture_set_wrap_s
 .text.gl_texture_set_wrap_t
                0x80035c40       0xe0 /opt/libdragon/bin/../lib/gcc/mips64-elf/13.1.0/../../../../mips64-elf/lib/libdragon.a(texture.o)
                0x80035c40                gl_texture_set_wrap_t
 .text.gl_texture_set_min_filter
                0x80035d20      0x120 /opt/libdragon/bin/../lib/gcc/mips64-elf/13.1.0/../../../../mips64-elf/lib/libdragon.a(texture.o)
                0x80035d20                gl_texture_set_min_filter
 .text.gl_texture_set_mag_filter
                0x80035e40       0xc0 /opt/libdragon/bin/../lib/gcc/mips64-elf/13.1.0/../../../../mips64-elf/lib/libdragon.a(texture.o)
                0x80035e40                gl_texture_set_mag_filter
 .text.glTexParameteri
                0x80035f00      0x160 /opt/libdragon/bin/../lib/gcc/mips64-elf/13.1.0/../../../../mips64-elf/lib/libdragon.a(texture.o)
                0x80035f00                glTexParameteri
 .text.glBindTexture
                0x80036060      0x280 /opt/libdragon/bin/../lib/gcc/mips64-elf/13.1.0/../../../../mips64-elf/lib/libdragon.a(texture.o)
                0x80036060                glBindTexture
 .text.glGenTextures
                0x800362e0       0xc0 /opt/libdragon/bin/../lib/gcc/mips64-elf/13.1.0/../../../../mips64-elf/lib/libdragon.a(texture.o)
                0x800362e0                glGenTextures
 .text.gl_update_array_pointers
                0x800363a0       0x40 /opt/libdragon/bin/../lib/gcc/mips64-elf/13.1.0/../../../../mips64-elf/lib/libdragon.a(array.o)
                0x800363a0                gl_update_array_pointers
 .text.gl_array_init
                0x800363e0      0x120 /opt/libdragon/bin/../lib/gcc/mips64-elf/13.1.0/../../../../mips64-elf/lib/libdragon.a(array.o)
                0x800363e0                gl_array_init
 .text.gl_set_array
                0x80036500      0x1a0 /opt/libdragon/bin/../lib/gcc/mips64-elf/13.1.0/../../../../mips64-elf/lib/libdragon.a(array.o)
                0x80036500                gl_set_array
 .text.glVertexPointer
                0x800366a0      0x140 /opt/libdragon/bin/../lib/gcc/mips64-elf/13.1.0/../../../../mips64-elf/lib/libdragon.a(array.o)
                0x800366a0                glVertexPointer
 .text.glTexCoordPointer
                0x800367e0      0x140 /opt/libdragon/bin/../lib/gcc/mips64-elf/13.1.0/../../../../mips64-elf/lib/libdragon.a(array.o)
                0x800367e0                glTexCoordPointer
 .text.glNormalPointer
                0x80036920       0xe0 /opt/libdragon/bin/../lib/gcc/mips64-elf/13.1.0/../../../../mips64-elf/lib/libdragon.a(array.o)
                0x80036920                glNormalPointer
 .text.glColorPointer
                0x80036a00      0x140 /opt/libdragon/bin/../lib/gcc/mips64-elf/13.1.0/../../../../mips64-elf/lib/libdragon.a(array.o)
                0x80036a00                glColorPointer
 .text.glEnableClientState
                0x80036b40      0x160 /opt/libdragon/bin/../lib/gcc/mips64-elf/13.1.0/../../../../mips64-elf/lib/libdragon.a(array.o)
                0x80036b40                glEnableClientState
 .text.glDisableClientState
                0x80036ca0      0x160 /opt/libdragon/bin/../lib/gcc/mips64-elf/13.1.0/../../../../mips64-elf/lib/libdragon.a(array.o)
                0x80036ca0                glDisableClientState
 .text.glGenVertexArrays
                0x80036e00      0x1e0 /opt/libdragon/bin/../lib/gcc/mips64-elf/13.1.0/../../../../mips64-elf/lib/libdragon.a(array.o)
                0x80036e00                glGenVertexArrays
 .text.glBindVertexArray
                0x80036fe0      0x100 /opt/libdragon/bin/../lib/gcc/mips64-elf/13.1.0/../../../../mips64-elf/lib/libdragon.a(array.o)
                0x80036fe0                glBindVertexArray
 .text.gl_calc_transfer_is_noop
                0x800370e0       0x80 /opt/libdragon/bin/../lib/gcc/mips64-elf/13.1.0/../../../../mips64-elf/lib/libdragon.a(pixelrect.o)
                0x800370e0                gl_calc_transfer_is_noop
 .text.gl_pixel_init
                0x80037160       0x60 /opt/libdragon/bin/../lib/gcc/mips64-elf/13.1.0/../../../../mips64-elf/lib/libdragon.a(pixelrect.o)
                0x80037160                gl_pixel_init
 .text.gl_list_init
                0x800371c0       0x40 /opt/libdragon/bin/../lib/gcc/mips64-elf/13.1.0/../../../../mips64-elf/lib/libdragon.a(list.o)
                0x800371c0                gl_list_init
 .text.glNewList
                0x80037200      0x180 /opt/libdragon/bin/../lib/gcc/mips64-elf/13.1.0/../../../../mips64-elf/lib/libdragon.a(list.o)
                0x80037200                glNewList
 .text.glEndList
                0x80037380      0x100 /opt/libdragon/bin/../lib/gcc/mips64-elf/13.1.0/../../../../mips64-elf/lib/libdragon.a(list.o)
                0x80037380                glEndList
 .text.glCallList
                0x80037480       0x80 /opt/libdragon/bin/../lib/gcc/mips64-elf/13.1.0/../../../../mips64-elf/lib/libdragon.a(list.o)
                0x80037480                glCallList
 .text.glGenLists
                0x80037500       0x80 /opt/libdragon/bin/../lib/gcc/mips64-elf/13.1.0/../../../../mips64-elf/lib/libdragon.a(list.o)
                0x80037500                glGenLists
 .text.glBindBufferARB
                0x80037580      0x180 /opt/libdragon/bin/../lib/gcc/mips64-elf/13.1.0/../../../../mips64-elf/lib/libdragon.a(buffer.o)
                0x80037580                glBindBufferARB
 .text.glGenBuffersARB
                0x80037700       0xc0 /opt/libdragon/bin/../lib/gcc/mips64-elf/13.1.0/../../../../mips64-elf/lib/libdragon.a(buffer.o)
                0x80037700                glGenBuffersARB
 .text.glBufferDataARB
                0x800377c0      0x220 /opt/libdragon/bin/../lib/gcc/mips64-elf/13.1.0/../../../../mips64-elf/lib/libdragon.a(buffer.o)
                0x800377c0                glBufferDataARB
 .text.glMapBufferARB
                0x800379e0      0x1c0 /opt/libdragon/bin/../lib/gcc/mips64-elf/13.1.0/../../../../mips64-elf/lib/libdragon.a(buffer.o)
                0x800379e0                glMapBufferARB
 .text.glUnmapBufferARB
                0x80037ba0      0x160 /opt/libdragon/bin/../lib/gcc/mips64-elf/13.1.0/../../../../mips64-elf/lib/libdragon.a(buffer.o)
                0x80037ba0                glUnmapBufferARB
 .text.gluLookAt
                0x80037d00      0x140 /opt/libdragon/bin/../lib/gcc/mips64-elf/13.1.0/../../../../mips64-elf/lib/libdragon.a(glu.o)
                0x80037d00                gluLookAt
 .text.read_u8  0x80037e40       0x40 /opt/libdragon/bin/../lib/gcc/mips64-elf/13.1.0/../../../../mips64-elf/lib/libdragon.a(cpu_pipeline.o)
 .text.read_i8  0x80037e80       0x40 /opt/libdragon/bin/../lib/gcc/mips64-elf/13.1.0/../../../../mips64-elf/lib/libdragon.a(cpu_pipeline.o)
 .text.read_u16
                0x80037ec0       0x40 /opt/libdragon/bin/../lib/gcc/mips64-elf/13.1.0/../../../../mips64-elf/lib/libdragon.a(cpu_pipeline.o)
 .text.read_i16
                0x80037f00       0x60 /opt/libdragon/bin/../lib/gcc/mips64-elf/13.1.0/../../../../mips64-elf/lib/libdragon.a(cpu_pipeline.o)
 .text.read_u32
                0x80037f60       0x60 /opt/libdragon/bin/../lib/gcc/mips64-elf/13.1.0/../../../../mips64-elf/lib/libdragon.a(cpu_pipeline.o)
 .text.read_i32
                0x80037fc0       0x40 /opt/libdragon/bin/../lib/gcc/mips64-elf/13.1.0/../../../../mips64-elf/lib/libdragon.a(cpu_pipeline.o)
 .text.read_u8n
                0x80038000       0x40 /opt/libdragon/bin/../lib/gcc/mips64-elf/13.1.0/../../../../mips64-elf/lib/libdragon.a(cpu_pipeline.o)
 .text.read_i8n
                0x80038040       0x60 /opt/libdragon/bin/../lib/gcc/mips64-elf/13.1.0/../../../../mips64-elf/lib/libdragon.a(cpu_pipeline.o)
 .text.read_u16n
                0x800380a0       0x60 /opt/libdragon/bin/../lib/gcc/mips64-elf/13.1.0/../../../../mips64-elf/lib/libdragon.a(cpu_pipeline.o)
 .text.read_i16n
                0x80038100       0x80 /opt/libdragon/bin/../lib/gcc/mips64-elf/13.1.0/../../../../mips64-elf/lib/libdragon.a(cpu_pipeline.o)
 .text.read_u32n
                0x80038180       0x60 /opt/libdragon/bin/../lib/gcc/mips64-elf/13.1.0/../../../../mips64-elf/lib/libdragon.a(cpu_pipeline.o)
 .text.read_i32n
                0x800381e0       0x60 /opt/libdragon/bin/../lib/gcc/mips64-elf/13.1.0/../../../../mips64-elf/lib/libdragon.a(cpu_pipeline.o)
 .text.read_f32
                0x80038240       0x40 /opt/libdragon/bin/../lib/gcc/mips64-elf/13.1.0/../../../../mips64-elf/lib/libdragon.a(cpu_pipeline.o)
 .text.read_f64
                0x80038280       0x40 /opt/libdragon/bin/../lib/gcc/mips64-elf/13.1.0/../../../../mips64-elf/lib/libdragon.a(cpu_pipeline.o)
 .text.read_u8_i
                0x800382c0       0x40 /opt/libdragon/bin/../lib/gcc/mips64-elf/13.1.0/../../../../mips64-elf/lib/libdragon.a(cpu_pipeline.o)
 .text.read_u16_i
                0x80038300       0x40 /opt/libdragon/bin/../lib/gcc/mips64-elf/13.1.0/../../../../mips64-elf/lib/libdragon.a(cpu_pipeline.o)
 .text.read_u32_i
                0x80038340       0x40 /opt/libdragon/bin/../lib/gcc/mips64-elf/13.1.0/../../../../mips64-elf/lib/libdragon.a(cpu_pipeline.o)
 .text.gl_vertex_calc_screenspace
                0x80038380       0xa0 /opt/libdragon/bin/../lib/gcc/mips64-elf/13.1.0/../../../../mips64-elf/lib/libdragon.a(cpu_pipeline.o)
 .text.gl_draw_line
                0x80038420      0x280 /opt/libdragon/bin/../lib/gcc/mips64-elf/13.1.0/../../../../mips64-elf/lib/libdragon.a(cpu_pipeline.o)
 .text.gl_cpu_begin
                0x800386a0      0x100 /opt/libdragon/bin/../lib/gcc/mips64-elf/13.1.0/../../../../mips64-elf/lib/libdragon.a(cpu_pipeline.o)
 .text.gl_draw_point
                0x800387a0      0x3e0 /opt/libdragon/bin/../lib/gcc/mips64-elf/13.1.0/../../../../mips64-elf/lib/libdragon.a(cpu_pipeline.o)
 .text.gl_cull_triangle
                0x80038b80      0x200 /opt/libdragon/bin/../lib/gcc/mips64-elf/13.1.0/../../../../mips64-elf/lib/libdragon.a(cpu_pipeline.o)
 .text.gl_vertex_pre_tr
                0x80038d80      0x1c0 /opt/libdragon/bin/../lib/gcc/mips64-elf/13.1.0/../../../../mips64-elf/lib/libdragon.a(cpu_pipeline.o)
 .text.gl_intersect_line_plane
                0x80038f40      0x260 /opt/libdragon/bin/../lib/gcc/mips64-elf/13.1.0/../../../../mips64-elf/lib/libdragon.a(cpu_pipeline.o)
 .text.gl_clip_triangle
                0x800391a0      0x3e0 /opt/libdragon/bin/../lib/gcc/mips64-elf/13.1.0/../../../../mips64-elf/lib/libdragon.a(cpu_pipeline.o)
 .text.gl_draw_primitive
                0x80039580      0x8a0 /opt/libdragon/bin/../lib/gcc/mips64-elf/13.1.0/../../../../mips64-elf/lib/libdragon.a(cpu_pipeline.o)
 .text.gl_cpu_end
                0x80039e20      0x320 /opt/libdragon/bin/../lib/gcc/mips64-elf/13.1.0/../../../../mips64-elf/lib/libdragon.a(cpu_pipeline.o)
 .text.draw_vertex_from_arrays
                0x8003a140       0xa0 /opt/libdragon/bin/../lib/gcc/mips64-elf/13.1.0/../../../../mips64-elf/lib/libdragon.a(cpu_pipeline.o)
 .text.gl_cpu_draw_elements
                0x8003a1e0       0xe0 /opt/libdragon/bin/../lib/gcc/mips64-elf/13.1.0/../../../../mips64-elf/lib/libdragon.a(cpu_pipeline.o)
 .text.gl_cpu_draw_arrays
                0x8003a2c0       0xa0 /opt/libdragon/bin/../lib/gcc/mips64-elf/13.1.0/../../../../mips64-elf/lib/libdragon.a(cpu_pipeline.o)
 .text.gl_cpu_array_element
                0x8003a360       0x60 /opt/libdragon/bin/../lib/gcc/mips64-elf/13.1.0/../../../../mips64-elf/lib/libdragon.a(cpu_pipeline.o)
 .text.gl_cpu_mtx_index
                0x8003a3c0       0x40 /opt/libdragon/bin/../lib/gcc/mips64-elf/13.1.0/../../../../mips64-elf/lib/libdragon.a(cpu_pipeline.o)
 .text.gl_cpu_normal
                0x8003a400       0xe0 /opt/libdragon/bin/../lib/gcc/mips64-elf/13.1.0/../../../../mips64-elf/lib/libdragon.a(cpu_pipeline.o)
 .text.gl_cpu_tex_coord
                0x8003a4e0       0xe0 /opt/libdragon/bin/../lib/gcc/mips64-elf/13.1.0/../../../../mips64-elf/lib/libdragon.a(cpu_pipeline.o)
 .text.gl_cpu_color
                0x8003a5c0       0xe0 /opt/libdragon/bin/../lib/gcc/mips64-elf/13.1.0/../../../../mips64-elf/lib/libdragon.a(cpu_pipeline.o)
 .text.gl_cpu_vertex
                0x8003a6a0      0x120 /opt/libdragon/bin/../lib/gcc/mips64-elf/13.1.0/../../../../mips64-elf/lib/libdragon.a(cpu_pipeline.o)
 .text.gl_read_attrib
                0x8003a7c0      0x180 /opt/libdragon/bin/../lib/gcc/mips64-elf/13.1.0/../../../../mips64-elf/lib/libdragon.a(cpu_pipeline.o)
                0x8003a7c0                gl_read_attrib
 .text.gl_update_vertex_cmd_size
                0x8003a940       0xe0 /opt/libdragon/bin/../lib/gcc/mips64-elf/13.1.0/../../../../mips64-elf/lib/libdragon.a(rsp_pipeline.o)
 .text.gl_rsp_begin
                0x8003aa20       0x80 /opt/libdragon/bin/../lib/gcc/mips64-elf/13.1.0/../../../../mips64-elf/lib/libdragon.a(rsp_pipeline.o)
 .text.load_last_attributes
                0x8003aaa0      0x480 /opt/libdragon/bin/../lib/gcc/mips64-elf/13.1.0/../../../../mips64-elf/lib/libdragon.a(rsp_pipeline.o)
 .text.mtx_index_read_u8
                0x8003af20       0xa0 /opt/libdragon/bin/../lib/gcc/mips64-elf/13.1.0/../../../../mips64-elf/lib/libdragon.a(rsp_pipeline.o)
 .text.mtx_index_read_i8
                0x8003afc0       0xa0 /opt/libdragon/bin/../lib/gcc/mips64-elf/13.1.0/../../../../mips64-elf/lib/libdragon.a(rsp_pipeline.o)
 .text.nrm_read_i8
                0x8003b060       0xa0 /opt/libdragon/bin/../lib/gcc/mips64-elf/13.1.0/../../../../mips64-elf/lib/libdragon.a(rsp_pipeline.o)
 .text.mtx_index_read_u32
                0x8003b100       0xa0 /opt/libdragon/bin/../lib/gcc/mips64-elf/13.1.0/../../../../mips64-elf/lib/libdragon.a(rsp_pipeline.o)
 .text.mtx_index_read_i32
                0x8003b1a0       0xa0 /opt/libdragon/bin/../lib/gcc/mips64-elf/13.1.0/../../../../mips64-elf/lib/libdragon.a(rsp_pipeline.o)
 .text.mtx_index_read_i16
                0x8003b240       0xa0 /opt/libdragon/bin/../lib/gcc/mips64-elf/13.1.0/../../../../mips64-elf/lib/libdragon.a(rsp_pipeline.o)
 .text.nrm_read_u8
                0x8003b2e0       0xa0 /opt/libdragon/bin/../lib/gcc/mips64-elf/13.1.0/../../../../mips64-elf/lib/libdragon.a(rsp_pipeline.o)
 .text.mtx_index_read_u16
                0x8003b380       0xa0 /opt/libdragon/bin/../lib/gcc/mips64-elf/13.1.0/../../../../mips64-elf/lib/libdragon.a(rsp_pipeline.o)
 .text.mtx_index_read_f32
                0x8003b420      0x100 /opt/libdragon/bin/../lib/gcc/mips64-elf/13.1.0/../../../../mips64-elf/lib/libdragon.a(rsp_pipeline.o)
 .text.mtx_index_read_f64
                0x8003b520      0x100 /opt/libdragon/bin/../lib/gcc/mips64-elf/13.1.0/../../../../mips64-elf/lib/libdragon.a(rsp_pipeline.o)
 .text.nrm_read_i32
                0x8003b620       0xa0 /opt/libdragon/bin/../lib/gcc/mips64-elf/13.1.0/../../../../mips64-elf/lib/libdragon.a(rsp_pipeline.o)
 .text.nrm_read_u16
                0x8003b6c0       0xa0 /opt/libdragon/bin/../lib/gcc/mips64-elf/13.1.0/../../../../mips64-elf/lib/libdragon.a(rsp_pipeline.o)
 .text.nrm_read_i16
                0x8003b760       0xa0 /opt/libdragon/bin/../lib/gcc/mips64-elf/13.1.0/../../../../mips64-elf/lib/libdragon.a(rsp_pipeline.o)
 .text.nrm_read_u32
                0x8003b800       0xa0 /opt/libdragon/bin/../lib/gcc/mips64-elf/13.1.0/../../../../mips64-elf/lib/libdragon.a(rsp_pipeline.o)
 .text.nrm_read_f64
                0x8003b8a0      0x100 /opt/libdragon/bin/../lib/gcc/mips64-elf/13.1.0/../../../../mips64-elf/lib/libdragon.a(rsp_pipeline.o)
 .text.nrm_read_f32
                0x8003b9a0      0x100 /opt/libdragon/bin/../lib/gcc/mips64-elf/13.1.0/../../../../mips64-elf/lib/libdragon.a(rsp_pipeline.o)
 .text.col_read_u8
                0x8003baa0       0xc0 /opt/libdragon/bin/../lib/gcc/mips64-elf/13.1.0/../../../../mips64-elf/lib/libdragon.a(rsp_pipeline.o)
 .text.tex_read_u8
                0x8003bb60       0xa0 /opt/libdragon/bin/../lib/gcc/mips64-elf/13.1.0/../../../../mips64-elf/lib/libdragon.a(rsp_pipeline.o)
 .text.col_read_i8
                0x8003bc00       0xa0 /opt/libdragon/bin/../lib/gcc/mips64-elf/13.1.0/../../../../mips64-elf/lib/libdragon.a(rsp_pipeline.o)
 .text.vtx_read_i8
                0x8003bca0       0xc0 /opt/libdragon/bin/../lib/gcc/mips64-elf/13.1.0/../../../../mips64-elf/lib/libdragon.a(rsp_pipeline.o)
 .text.col_read_i16
                0x8003bd60       0xc0 /opt/libdragon/bin/../lib/gcc/mips64-elf/13.1.0/../../../../mips64-elf/lib/libdragon.a(rsp_pipeline.o)
 .text.tex_read_i8
                0x8003be20       0xa0 /opt/libdragon/bin/../lib/gcc/mips64-elf/13.1.0/../../../../mips64-elf/lib/libdragon.a(rsp_pipeline.o)
 .text.vtx_read_u8
                0x8003bec0       0xc0 /opt/libdragon/bin/../lib/gcc/mips64-elf/13.1.0/../../../../mips64-elf/lib/libdragon.a(rsp_pipeline.o)
 .text.tex_read_i32
                0x8003bf80       0xa0 /opt/libdragon/bin/../lib/gcc/mips64-elf/13.1.0/../../../../mips64-elf/lib/libdragon.a(rsp_pipeline.o)
 .text.tex_read_u16
                0x8003c020       0xa0 /opt/libdragon/bin/../lib/gcc/mips64-elf/13.1.0/../../../../mips64-elf/lib/libdragon.a(rsp_pipeline.o)
 .text.vtx_read_i16
                0x8003c0c0       0xc0 /opt/libdragon/bin/../lib/gcc/mips64-elf/13.1.0/../../../../mips64-elf/lib/libdragon.a(rsp_pipeline.o)
 .text.vtx_read_u32
                0x8003c180       0xc0 /opt/libdragon/bin/../lib/gcc/mips64-elf/13.1.0/../../../../mips64-elf/lib/libdragon.a(rsp_pipeline.o)
 .text.col_read_i32
                0x8003c240       0xc0 /opt/libdragon/bin/../lib/gcc/mips64-elf/13.1.0/../../../../mips64-elf/lib/libdragon.a(rsp_pipeline.o)
 .text.col_read_u32